<html>
<body>
<pre>
<h1>µVision Build Log</h1>
<h2>Tool Versions:</h2>
IDE-Version: µVision V5.21.1.0
Copyright (C) 2016 ARM Ltd and ARM Germany GmbH. All rights reserved.
License Information: Electrical & Computer Engineering, Kansas State University, LIC=----
 
Tool Versions:
Toolchain:       MDK-Lite  Version: 5.21a
Toolchain Path:  C:\Keil_v5\ARM\ARMCC\Bin
C Compiler:      Armcc.exe V5.06 update 3 (build 300)
Assembler:       Armasm.exe V5.06 update 3 (build 300)
Linker/Locator:  ArmLink.exe V5.06 update 3 (build 300)
Library Manager: ArmAr.exe V5.06 update 3 (build 300)
Hex Converter:   FromElf.exe V5.06 update 3 (build 300)
CPU DLL:         SARMCM3.DLL V5.21a
Dialog DLL:      DCM.DLL V1.13.8.0
Target DLL:      STLink\ST-LINKIII-KEIL_SWO.dll V2.0.18.0
Dialog DLL:      TCM.DLL V1.14.14.0
 
<h2>Project:</h2>
H:\ece631\Lab10\Lab8\Lab8.uvprojx
Project File Date:  04/28/2017

<h2>Output:</h2>
*** Using Compiler 'V5.06 update 3 (build 300)', folder: 'C:\Keil_v5\ARM\ARMCC\Bin'
Rebuild target 'Target 1'
compiling LED.c...
compiling system_stm32f4xx.c...
compiling main.c...
src\main.c(274): warning:  #111-D: statement is unreachable
  				break;
src\main.c(53): warning:  #177-D: variable "IsLEDOn" was declared but never referenced
  	uint16_t IsLEDOn = 0;
src\main.c(297): warning:  #177-D: variable "cnt" was declared but never referenced
  		static uint16_t cnt = 0;
src\main.c: 3 warnings, 0 errors
compiling USART.c...
compiling misc.c...
compiling stm32f4xx_usart.c...
compiling stm32f4xx_rcc.c...
compiling circularBuffer.c...
compiling stm32f4xx_exti.c...
assembling STM32F40xxx_41xxx_OPT.s...
assembling startup_stm32f40_41xxx.s...
compiling stm32f4xx_syscfg.c...
compiling stm32f4xx_gpio.c...
compiling jansson_config.c...
linking...
Program Size: Code=31484 RO-data=1108 RW-data=168 ZI-data=17280  
".\Objects\TestJSON1.axf" - 0 Error(s), 3 Warning(s).

<h2>Software Packages used:</h2>

Package Vendor: ARM
                http://www.keil.com/pack/ARM.CMSIS.4.5.0.pack
                ARM::CMSIS:CORE:4.3.0
                CMSIS (Cortex Microcontroller Software Interface Standard)
   * Component: CORE Version: 4.3.0

Package Vendor: Keil
                http://www.keil.com/pack/Keil.Jansson.1.0.0.pack
                Keil::Data Exchange:JSON:Jansson:2.7.0
                Jansson is a C library for encoding, decoding and manipulating JSON data
   * Component: Jansson Version: 2.7.0

<h2>Collection of Component include folders:</h2>
  H:\ece631\Lab10\Lab8\RTE
  C:\Keil_v5\ARM\PACK\ARM\CMSIS\4.5.0\CMSIS\Include
  C:\Keil_v5\ARM\PACK\Keil\Jansson\1.0.0\src
  C:\Keil_v5\ARM\PACK\Keil\STM32F4xx_DFP\2.9.0\Drivers\CMSIS\Device\ST\STM32F4xx\Include

<h2>Collection of Component Files used:</h2>

   * Component: ARM::CMSIS:CORE:4.3.0

   * Component: Keil::Data Exchange:JSON:Jansson:2.7.0
      Include file:  src\jansson.h
      Source file:   src\jansson_config.c
      Library file:  lib\jansson_CM3LE.lib
Build Time Elapsed:  00:00:07
</pre>
</body>
</html>
