Component: ARM Compiler 5.06 update 3 (build 300) Tool: armlink [4d35c9]

==============================================================================

Section Cross References

    main.o(i.Configure_PB12) refers to stm32f4xx_rcc.o(i.RCC_AHB1PeriphClockCmd) for RCC_AHB1PeriphClockCmd
    main.o(i.Configure_PB12) refers to stm32f4xx_rcc.o(i.RCC_APB2PeriphClockCmd) for RCC_APB2PeriphClockCmd
    main.o(i.Configure_PB12) refers to stm32f4xx_gpio.o(i.GPIO_Init) for GPIO_Init
    main.o(i.Configure_PB12) refers to stm32f4xx_syscfg.o(i.SYSCFG_EXTILineConfig) for SYSCFG_EXTILineConfig
    main.o(i.Configure_PB12) refers to stm32f4xx_exti.o(i.EXTI_Init) for EXTI_Init
    main.o(i.Configure_PB12) refers to misc.o(i.NVIC_Init) for NVIC_Init
    main.o(i.Configure_PD0) refers to stm32f4xx_rcc.o(i.RCC_AHB1PeriphClockCmd) for RCC_AHB1PeriphClockCmd
    main.o(i.Configure_PD0) refers to stm32f4xx_rcc.o(i.RCC_APB2PeriphClockCmd) for RCC_APB2PeriphClockCmd
    main.o(i.Configure_PD0) refers to stm32f4xx_gpio.o(i.GPIO_Init) for GPIO_Init
    main.o(i.Configure_PD0) refers to stm32f4xx_syscfg.o(i.SYSCFG_EXTILineConfig) for SYSCFG_EXTILineConfig
    main.o(i.Configure_PD0) refers to stm32f4xx_exti.o(i.EXTI_Init) for EXTI_Init
    main.o(i.Configure_PD0) refers to misc.o(i.NVIC_Init) for NVIC_Init
    main.o(i.EXTI0_IRQHandler) refers to stm32f4xx_exti.o(i.EXTI_GetITStatus) for EXTI_GetITStatus
    main.o(i.EXTI0_IRQHandler) refers to led.o(i.LED_On) for LED_On
    main.o(i.EXTI0_IRQHandler) refers to pack_unpack.o(i.json_pack_ex) for json_pack_ex
    main.o(i.EXTI0_IRQHandler) refers to dump.o(i.json_dumps) for json_dumps
    main.o(i.EXTI0_IRQHandler) refers to strcpy.o(.text) for strcpy
    main.o(i.EXTI0_IRQHandler) refers to strlen.o(.text) for strlen
    main.o(i.EXTI0_IRQHandler) refers to circularbuffer.o(i.putStr) for putStr
    main.o(i.EXTI0_IRQHandler) refers to stm32f4xx_usart.o(i.USART_ITConfig) for USART_ITConfig
    main.o(i.EXTI0_IRQHandler) refers to stm32f4xx_exti.o(i.EXTI_ClearITPendingBit) for EXTI_ClearITPendingBit
    main.o(i.EXTI0_IRQHandler) refers to main.o(.data) for state
    main.o(i.EXTI0_IRQHandler) refers to main.o(.bss) for error
    main.o(i.EXTI15_10_IRQHandler) refers to stm32f4xx_exti.o(i.EXTI_GetITStatus) for EXTI_GetITStatus
    main.o(i.EXTI15_10_IRQHandler) refers to led.o(i.LED_Off) for LED_Off
    main.o(i.EXTI15_10_IRQHandler) refers to pack_unpack.o(i.json_pack_ex) for json_pack_ex
    main.o(i.EXTI15_10_IRQHandler) refers to dump.o(i.json_dumps) for json_dumps
    main.o(i.EXTI15_10_IRQHandler) refers to strcpy.o(.text) for strcpy
    main.o(i.EXTI15_10_IRQHandler) refers to strlen.o(.text) for strlen
    main.o(i.EXTI15_10_IRQHandler) refers to circularbuffer.o(i.putStr) for putStr
    main.o(i.EXTI15_10_IRQHandler) refers to stm32f4xx_usart.o(i.USART_ITConfig) for USART_ITConfig
    main.o(i.EXTI15_10_IRQHandler) refers to led.o(i.LED_On) for LED_On
    main.o(i.EXTI15_10_IRQHandler) refers to stm32f4xx_exti.o(i.EXTI_ClearITPendingBit) for EXTI_ClearITPendingBit
    main.o(i.EXTI15_10_IRQHandler) refers to main.o(.data) for state
    main.o(i.EXTI15_10_IRQHandler) refers to main.o(.bss) for error
    main.o(i.SysTick_Handler) refers to main.o(.data) for ticks
    main.o(i.USART6_IRQHandler) refers to stm32f4xx_usart.o(i.USART_GetITStatus) for USART_GetITStatus
    main.o(i.USART6_IRQHandler) refers to circularbuffer.o(i.putChar) for putChar
    main.o(i.USART6_IRQHandler) refers to circularbuffer.o(i.getChar) for getChar
    main.o(i.USART6_IRQHandler) refers to circularbuffer.o(i.haveStr) for haveStr
    main.o(i.USART6_IRQHandler) refers to stm32f4xx_usart.o(i.USART_ITConfig) for USART_ITConfig
    main.o(i.USART6_IRQHandler) refers to main.o(.data) for USARTCount
    main.o(i.USART6_IRQHandler) refers to main.o(.bss) for comm
    main.o(i.main) refers to system_stm32f4xx.o(i.SystemInit) for SystemInit
    main.o(i.main) refers to main.o(i.Configure_PD0) for Configure_PD0
    main.o(i.main) refers to main.o(i.Configure_PB12) for Configure_PB12
    main.o(i.main) refers to led.o(i.LED_Init) for LED_Init
    main.o(i.main) refers to usart.o(i.InitUSART6) for InitUSART6
    main.o(i.main) refers to system_stm32f4xx.o(i.SystemCoreClockUpdate) for SystemCoreClockUpdate
    main.o(i.main) refers to circularbuffer.o(i.InitBuffer) for InitBuffer
    main.o(i.main) refers to led.o(i.LED_Off) for LED_Off
    main.o(i.main) refers to pack_unpack.o(i.json_pack_ex) for json_pack_ex
    main.o(i.main) refers to dump.o(i.json_dumps) for json_dumps
    main.o(i.main) refers to strcpy.o(.text) for strcpy
    main.o(i.main) refers to strlen.o(.text) for strlen
    main.o(i.main) refers to circularbuffer.o(i.putStr) for putStr
    main.o(i.main) refers to stm32f4xx_usart.o(i.USART_ITConfig) for USART_ITConfig
    main.o(i.main) refers to circularbuffer.o(i.haveStr) for haveStr
    main.o(i.main) refers to circularbuffer.o(i.getStr) for getStr
[...]
    UsageFault_Handler                       0x080002ed   Thumb Code     2  startup_stm32f40_41xxx.o(.text)
    SVC_Handler                              0x080002ef   Thumb Code     2  startup_stm32f40_41xxx.o(.text)
    DebugMon_Handler                         0x080002f1   Thumb Code     2  startup_stm32f40_41xxx.o(.text)
    PendSV_Handler                           0x080002f3   Thumb Code     2  startup_stm32f40_41xxx.o(.text)
    ADC_IRQHandler                           0x080002f7   Thumb Code     0  startup_stm32f40_41xxx.o(.text)
    CAN1_RX0_IRQHandler                      0x080002f7   Thumb Code     0  startup_stm32f40_41xxx.o(.text)
    CAN1_RX1_IRQHandler                      0x080002f7   Thumb Code     0  startup_stm32f40_41xxx.o(.text)
    CAN1_SCE_IRQHandler                      0x080002f7   Thumb Code     0  startup_stm32f40_41xxx.o(.text)
    CAN1_TX_IRQHandler                       0x080002f7   Thumb Code     0  startup_stm32f40_41xxx.o(.text)
    CAN2_RX0_IRQHandler                      0x080002f7   Thumb Code     0  startup_stm32f40_41xxx.o(.text)
    CAN2_RX1_IRQHandler                      0x080002f7   Thumb Code     0  startup_stm32f40_41xxx.o(.text)
    CAN2_SCE_IRQHandler                      0x080002f7   Thumb Code     0  startup_stm32f40_41xxx.o(.text)
    CAN2_TX_IRQHandler                       0x080002f7   Thumb Code     0  startup_stm32f40_41xxx.o(.text)
    CRYP_IRQHandler                          0x080002f7   Thumb Code     0  startup_stm32f40_41xxx.o(.text)
    DCMI_IRQHandler                          0x080002f7   Thumb Code     0  startup_stm32f40_41xxx.o(.text)
    DMA1_Stream0_IRQHandler                  0x080002f7   Thumb Code     0  startup_stm32f40_41xxx.o(.text)
    DMA1_Stream1_IRQHandler                  0x080002f7   Thumb Code     0  startup_stm32f40_41xxx.o(.text)
    DMA1_Stream2_IRQHandler                  0x080002f7   Thumb Code     0  startup_stm32f40_41xxx.o(.text)
    DMA1_Stream3_IRQHandler                  0x080002f7   Thumb Code     0  startup_stm32f40_41xxx.o(.text)
    DMA1_Stream4_IRQHandler                  0x080002f7   Thumb Code     0  startup_stm32f40_41xxx.o(.text)
    DMA1_Stream5_IRQHandler                  0x080002f7   Thumb Code     0  startup_stm32f40_41xxx.o(.text)
    DMA1_Stream6_IRQHandler                  0x080002f7   Thumb Code     0  startup_stm32f40_41xxx.o(.text)
    DMA1_Stream7_IRQHandler                  0x080002f7   Thumb Code     0  startup_stm32f40_41xxx.o(.text)
    DMA2_Stream0_IRQHandler                  0x080002f7   Thumb Code     0  startup_stm32f40_41xxx.o(.text)
    DMA2_Stream1_IRQHandler                  0x080002f7   Thumb Code     0  startup_stm32f40_41xxx.o(.text)
    DMA2_Stream2_IRQHandler                  0x080002f7   Thumb Code     0  startup_stm32f40_41xxx.o(.text)
    DMA2_Stream3_IRQHandler                  0x080002f7   Thumb Code     0  startup_stm32f40_41xxx.o(.text)
    DMA2_Stream4_IRQHandler                  0x080002f7   Thumb Code     0  startup_stm32f40_41xxx.o(.text)
    DMA2_Stream5_IRQHandler                  0x080002f7   Thumb Code     0  startup_stm32f40_41xxx.o(.text)
    DMA2_Stream6_IRQHandler                  0x080002f7   Thumb Code     0  startup_stm32f40_41xxx.o(.text)
    DMA2_Stream7_IRQHandler                  0x080002f7   Thumb Code     0  startup_stm32f40_41xxx.o(.text)
    ETH_IRQHandler                           0x080002f7   Thumb Code     0  startup_stm32f40_41xxx.o(.text)
    ETH_WKUP_IRQHandler                      0x080002f7   Thumb Code     0  startup_stm32f40_41xxx.o(.text)
    EXTI1_IRQHandler                         0x080002f7   Thumb Code     0  startup_stm32f40_41xxx.o(.text)
    EXTI2_IRQHandler                         0x080002f7   Thumb Code     0  startup_stm32f40_41xxx.o(.text)
    EXTI3_IRQHandler                         0x080002f7   Thumb Code     0  startup_stm32f40_41xxx.o(.text)
    EXTI4_IRQHandler                         0x080002f7   Thumb Code     0  startup_stm32f40_41xxx.o(.text)
    EXTI9_5_IRQHandler                       0x080002f7   Thumb Code     0  startup_stm32f40_41xxx.o(.text)
    FLASH_IRQHandler                         0x080002f7   Thumb Code     0  startup_stm32f40_41xxx.o(.text)
    FPU_IRQHandler                           0x080002f7   Thumb Code     0  startup_stm32f40_41xxx.o(.text)
    FSMC_IRQHandler                          0x080002f7   Thumb Code     0  startup_stm32f40_41xxx.o(.text)
    HASH_RNG_IRQHandler                      0x080002f7   Thumb Code     0  startup_stm32f40_41xxx.o(.text)
    I2C1_ER_IRQHandler                       0x080002f7   Thumb Code     0  startup_stm32f40_41xxx.o(.text)
    I2C1_EV_IRQHandler                       0x080002f7   Thumb Code     0  startup_stm32f40_41xxx.o(.text)
    I2C2_ER_IRQHandler                       0x080002f7   Thumb Code     0  startup_stm32f40_41xxx.o(.text)
    I2C2_EV_IRQHandler                       0x080002f7   Thumb Code     0  startup_stm32f40_41xxx.o(.text)
    I2C3_ER_IRQHandler                       0x080002f7   Thumb Code     0  startup_stm32f40_41xxx.o(.text)
    I2C3_EV_IRQHandler                       0x080002f7   Thumb Code     0  startup_stm32f40_41xxx.o(.text)
    OTG_FS_IRQHandler                        0x080002f7   Thumb Code     0  startup_stm32f40_41xxx.o(.text)
    OTG_FS_WKUP_IRQHandler                   0x080002f7   Thumb Code     0  startup_stm32f40_41xxx.o(.text)
    OTG_HS_EP1_IN_IRQHandler                 0x080002f7   Thumb Code     0  startup_stm32f40_41xxx.o(.text)
    OTG_HS_EP1_OUT_IRQHandler                0x080002f7   Thumb Code     0  startup_stm32f40_41xxx.o(.text)
    OTG_HS_IRQHandler                        0x080002f7   Thumb Code     0  startup_stm32f40_41xxx.o(.text)
    OTG_HS_WKUP_IRQHandler                   0x080002f7   Thumb Code     0  startup_stm32f40_41xxx.o(.text)
    PVD_IRQHandler                           0x080002f7   Thumb Code     0  startup_stm32f40_41xxx.o(.text)
    RCC_IRQHandler                           0x080002f7   Thumb Code     0  startup_stm32f40_41xxx.o(.text)
    RTC_Alarm_IRQHandler                     0x080002f7   Thumb Code     0  startup_stm32f40_41xxx.o(.text)
    RTC_WKUP_IRQHandler                      0x080002f7   Thumb Code     0  startup_stm32f40_41xxx.o(.text)
    SDIO_IRQHandler                          0x080002f7   Thumb Code     0  startup_stm32f40_41xxx.o(.text)
    SPI1_IRQHandler                          0x080002f7   Thumb Code     0  startup_stm32f40_41xxx.o(.text)
    SPI2_IRQHandler                          0x080002f7   Thumb Code     0  startup_stm32f40_41xxx.o(.text)
    SPI3_IRQHandler                          0x080002f7   Thumb Code     0  startup_stm32f40_41xxx.o(.text)
    TAMP_STAMP_IRQHandler                    0x080002f7   Thumb Code     0  startup_stm32f40_41xxx.o(.text)
    TIM1_BRK_TIM9_IRQHandler                 0x080002f7   Thumb Code     0  startup_stm32f40_41xxx.o(.text)
    TIM1_CC_IRQHandler                       0x080002f7   Thumb Code     0  startup_stm32f40_41xxx.o(.text)
    TIM1_TRG_COM_TIM11_IRQHandler            0x080002f7   Thumb Code     0  startup_stm32f40_41xxx.o(.text)
    TIM1_UP_TIM10_IRQHandler                 0x080002f7   Thumb Code     0  startup_stm32f40_41xxx.o(.text)
    TIM2_IRQHandler                          0x080002f7   Thumb Code     0  startup_stm32f40_41xxx.o(.text)
    TIM3_IRQHandler                          0x080002f7   Thumb Code     0  startup_stm32f40_41xxx.o(.text)
    TIM4_IRQHandler                          0x080002f7   Thumb Code     0  startup_stm32f40_41xxx.o(.text)
    TIM5_IRQHandler                          0x080002f7   Thumb Code     0  startup_stm32f40_41xxx.o(.text)
    TIM6_DAC_IRQHandler                      0x080002f7   Thumb Code     0  startup_stm32f40_41xxx.o(.text)
    TIM7_IRQHandler                          0x080002f7   Thumb Code     0  startup_stm32f40_41xxx.o(.text)
    TIM8_BRK_TIM12_IRQHandler                0x080002f7   Thumb Code     0  startup_stm32f40_41xxx.o(.text)
    TIM8_CC_IRQHandler                       0x080002f7   Thumb Code     0  startup_stm32f40_41xxx.o(.text)
    TIM8_TRG_COM_TIM14_IRQHandler            0x080002f7   Thumb Code     0  startup_stm32f40_41xxx.o(.text)
    TIM8_UP_TIM13_IRQHandler                 0x080002f7   Thumb Code     0  startup_stm32f40_41xxx.o(.text)
    UART4_IRQHandler                         0x080002f7   Thumb Code     0  startup_stm32f40_41xxx.o(.text)
    UART5_IRQHandler                         0x080002f7   Thumb Code     0  startup_stm32f40_41xxx.o(.text)
    USART1_IRQHandler                        0x080002f7   Thumb Code     0  startup_stm32f40_41xxx.o(.text)
    USART2_IRQHandler                        0x080002f7   Thumb Code     0  startup_stm32f40_41xxx.o(.text)
    USART3_IRQHandler                        0x080002f7   Thumb Code     0  startup_stm32f40_41xxx.o(.text)
    WWDG_IRQHandler                          0x080002f7   Thumb Code     0  startup_stm32f40_41xxx.o(.text)
    __user_initial_stackheap                 0x080002f9   Thumb Code     0  startup_stm32f40_41xxx.o(.text)
    __aeabi_errno_addr                       0x0800031d   Thumb Code     8  rt_errno_addr_intlibspace.o(.text)
    __errno$intlibspace                      0x0800031d   Thumb Code     0  rt_errno_addr_intlibspace.o(.text)
    __rt_errno_addr$intlibspace              0x0800031d   Thumb Code     0  rt_errno_addr_intlibspace.o(.text)
    malloc                                   0x08000325   Thumb Code    94  h1_alloc.o(.text)
    free                                     0x08000383   Thumb Code    78  h1_free.o(.text)
    __c89vsnprintf                           0x080003d1   Thumb Code    48  c89vsnprintf.o(.text)
    __2sprintf                               0x08000405   Thumb Code    38  __2sprintf.o(.text)
    __2snprintf                              0x08000431   Thumb Code    50  __2snprintf.o(.text)
    _printf_pre_padding                      0x08000469   Thumb Code    44  _printf_pad.o(.text)
    _printf_post_padding                     0x08000495   Thumb Code    34  _printf_pad.o(.text)
    _printf_str                              0x080004b7   Thumb Code    82  _printf_str.o(.text)
    _printf_longlong_dec                     0x08000509   Thumb Code   108  _printf_longlong_dec.o(.text)
    _printf_longlong_hex                     0x08000585   Thumb Code    86  _printf_hex_int_ll_ptr.o(.text)
    _printf_int_hex                          0x080005db   Thumb Code    28  _printf_hex_int_ll_ptr.o(.text)
    _printf_ll_hex                           0x080005f7   Thumb Code    12  _printf_hex_int_ll_ptr.o(.text)
    _printf_hex_ptr                          0x08000603   Thumb Code    18  _printf_hex_int_ll_ptr.o(.text)
    __printf                                 0x08000619   Thumb Code   388  __printf_flags_ss_wp.o(.text)
    strtoll                                  0x080007a1   Thumb Code     4  strtoll.o(.text)
    abort                                    0x080007a5   Thumb Code    22  abort.o(.text)
    qsort                                    0x08000999   Thumb Code   134  qsortnoex.o(.text)
    strchr                                   0x08000a1f   Thumb Code    20  strchr.o(.text)
    strcpy                                   0x08000a33   Thumb Code    72  strcpy.o(.text)
    strlen                                   0x08000a7b   Thumb Code    62  strlen.o(.text)
    memchr                                   0x08000ab9   Thumb Code    20  memchr.o(.text)
    __aeabi_memcpy                           0x08000acd   Thumb Code     0  rt_memcpy_v6.o(.text)
    __rt_memcpy                              0x08000acd   Thumb Code   138  rt_memcpy_v6.o(.text)
    _memcpy_lastbytes                        0x08000b33   Thumb Code     0  rt_memcpy_v6.o(.text)
    __aeabi_memmove                          0x08000b57   Thumb Code     0  rt_memmove_v6.o(.text)
    __rt_memmove                             0x08000b57   Thumb Code   132  rt_memmove_v6.o(.text)
    __memmove_lastfew                        0x08000bb7   Thumb Code     0  rt_memmove_v6.o(.text)
    __aeabi_memcpy4                          0x08000bdb   Thumb Code     0  rt_memcpy_w.o(.text)
    __aeabi_memcpy8                          0x08000bdb   Thumb Code     0  rt_memcpy_w.o(.text)
    __rt_memcpy_w                            0x08000bdb   Thumb Code   100  rt_memcpy_w.o(.text)
    _memcpy_lastbytes_aligned                0x08000c23   Thumb Code     0  rt_memcpy_w.o(.text)
    __aeabi_memmove4                         0x08000c3f   Thumb Code     0  rt_memmove_w.o(.text)
    __aeabi_memmove8                         0x08000c3f   Thumb Code     0  rt_memmove_w.o(.text)
    __rt_memmove_w                           0x08000c3f   Thumb Code   122  rt_memmove_w.o(.text)
    __memmove_aligned                        0x08000c65   Thumb Code     0  rt_memmove_w.o(.text)
    __memmove_lastfew_aligned                0x08000c9d   Thumb Code     0  rt_memmove_w.o(.text)
    strcmp                                   0x08000cb9   Thumb Code   128  strcmpv7m.o(.text)
    __use_two_region_memory                  0x08000d39   Thumb Code     2  heapauxi.o(.text)
    __rt_heap_escrow                         0x08000d3b   Thumb Code     2  heapauxi.o(.text)
    __rt_heap_expand                         0x08000d3d   Thumb Code     2  heapauxi.o(.text)
    _sys_exit                                0x08000d41   Thumb Code     8  sys_exit.o(.text)
    __user_libspace                          0x08000d4d   Thumb Code     8  libspace.o(.text)
    __user_perproc_libspace                  0x08000d4d   Thumb Code     0  libspace.o(.text)
    __user_perthread_libspace                0x08000d4d   Thumb Code     0  libspace.o(.text)
    __rt_heap_descriptor                     0x08000d55   Thumb Code     8  rt_heap_descriptor_intlibspace.o(.text)
    __use_no_heap                            0x08000d5d   Thumb Code     2  hguard.o(.text)
    __heap$guard                             0x08000d5f   Thumb Code     2  hguard.o(.text)
    _terminate_user_alloc                    0x08000d61   Thumb Code     2  init_alloc.o(.text)
    _init_user_alloc                         0x08000d63   Thumb Code     2  init_alloc.o(.text)
    __Heap_Full                              0x08000d65   Thumb Code    34  init_alloc.o(.text)
    __Heap_Broken                            0x08000d87   Thumb Code     6  init_alloc.o(.text)
    _init_alloc                              0x08000d8d   Thumb Code    94  init_alloc.o(.text)
    __Heap_Initialize                        0x08000deb   Thumb Code    10  h1_init.o(.text)
    __Heap_DescSize                          0x08000df5   Thumb Code     4  h1_init.o(.text)
    _ll_udiv10                               0x08000df9   Thumb Code   138  lludiv10.o(.text)
    _printf_truncate_signed                  0x08000e83   Thumb Code    18  _printf_truncate.o(.text)
    _printf_truncate_unsigned                0x08000e95   Thumb Code    18  _printf_truncate.o(.text)
    _printf_int_common                       0x08000ea7   Thumb Code   178  _printf_intcommon.o(.text)
    _printf_int_dec                          0x08000f59   Thumb Code   104  _printf_dec.o(.text)
    _printf_charcount                        0x08000fd1   Thumb Code    40  _printf_charcount.o(.text)
    __lib_sel_fp_printf                      0x08000ff9   Thumb Code     2  _printf_fp_dec.o(.text)
    _printf_fp_dec_real                      0x080011a7   Thumb Code   620  _printf_fp_dec.o(.text)
    _printf_char_common                      0x0800141f   Thumb Code    32  _printf_char_common.o(.text)
    _sputc                                   0x08001445   Thumb Code    10  _sputc.o(.text)
    _snputc                                  0x0800144f   Thumb Code    16  _snputc.o(.text)
    _printf_cs_common                        0x0800145f   Thumb Code    20  _printf_char.o(.text)
    _printf_char                             0x08001473   Thumb Code    16  _printf_char.o(.text)
    _printf_string                           0x08001483   Thumb Code     8  _printf_char.o(.text)
    _printf_wctomb                           0x0800148d   Thumb Code   182  _printf_wctomb.o(.text)
    _printf_longlong_oct                     0x08001549   Thumb Code    68  _printf_oct_int_ll.o(.text)
    _printf_int_oct                          0x0800158d   Thumb Code    24  _printf_oct_int_ll.o(.text)
    _printf_ll_oct                           0x080015a5   Thumb Code    12  _printf_oct_int_ll.o(.text)
    __strtod_int                             0x080015f5   Thumb Code    90  strtod.o(.text)
    __strtoll                                0x0800165d   Thumb Code   144  __strtoll.o(.text)
    __rt_SIGABRT                             0x080016ed   Thumb Code    14  defsig_abrt_outer.o(.text)
    __I$use$semihosting                      0x080016fb   Thumb Code     0  use_no_semi.o(.text)
    __use_no_semihosting_swi                 0x080016fb   Thumb Code     2  use_no_semi.o(.text)
    __rt_ctype_table                         0x080016fd   Thumb Code    16  rt_ctype_table.o(.text)
    __semihosting_library_function           0x080016fd   Thumb Code     0  indicate_semi.o(.text)
    __rt_locale                              0x0800170d   Thumb Code     8  rt_locale_intlibspace.o(.text)
    __Heap_ProvideMemory                     0x08001715   Thumb Code    52  h1_extend.o(.text)
    isspace                                  0x08001749   Thumb Code    18  isspace.o(.text)
    _printf_fp_infnan                        0x0800175d   Thumb Code   112  _printf_fp_infnan.o(.text)
    _printf_lcs_common                       0x080017dd   Thumb Code    20  _printf_wchar.o(.text)
    _printf_wchar                            0x080017f1   Thumb Code    16  _printf_wchar.o(.text)
    _printf_wstring                          0x08001801   Thumb Code     8  _printf_wchar.o(.text)
    _sgetc                                   0x08001809   Thumb Code    30  _sgetc.o(.text)
    _sbackspace                              0x08001827   Thumb Code    34  _sgetc.o(.text)
    _strtoull                                0x08001849   Thumb Code   194  _strtoull.o(.text)
    _btod_etento                             0x0800190d   Thumb Code   216  bigflt0.o(.text)
    _wcrtomb                                 0x080019e9   Thumb Code    64  _wcrtomb.o(.text)
    __sig_exit                               0x08001a29   Thumb Code    10  defsig_exit.o(.text)
    __rt_SIGABRT_inner                       0x08001a35   Thumb Code    14  defsig_abrt_inner.o(.text)
    __rt_SIGRTMEM                            0x08001a65   Thumb Code    14  defsig_rtmem_outer.o(.text)
    __user_setup_stackheap                   0x08001a73   Thumb Code    74  sys_stackheap_outer.o(.text)
    _chval                                   0x08001abd   Thumb Code    28  _chval.o(.text)
    _scanf_really_real                       0x08001cd5   Thumb Code   668  scanf_fp.o(.text)
    exit                                     0x08001f7d   Thumb Code    18  exit.o(.text)
    __default_signal_display                 0x08001f8f   Thumb Code    50  defsig_general.o(.text)
    __rt_SIGRTMEM_inner                      0x08001fc1   Thumb Code    22  defsig_rtmem_inner.o(.text)
    _ttywrch                                 0x08002011   Thumb Code    14  sys_wrch.o(.text)
    __read_errno                             0x0800201f   Thumb Code    10  _rserrno.o(.text)
    __set_errno                              0x08002029   Thumb Code    12  _rserrno.o(.text)
    _scanf_really_hex_real                   0x08002035   Thumb Code   786  scanf_hexfp.o(.text)
    _scanf_really_infnan                     0x08002355   Thumb Code   292  scanf_infnan.o(.text)
    __aeabi_llsl                             0x08002489   Thumb Code     0  llshl.o(.text)
    _ll_shift_l                              0x08002489   Thumb Code    38  llshl.o(.text)
    _btod_d2e                                0x080024af   Thumb Code    62  btod.o(CL$$btod_d2e)
    _d2e_denorm_low                          0x080024ed   Thumb Code    70  btod.o(CL$$btod_d2e_denorm_low)
    _d2e_norm_op1                            0x08002533   Thumb Code    96  btod.o(CL$$btod_d2e_norm_op1)
    __btod_div_common                        0x08002593   Thumb Code   696  btod.o(CL$$btod_div_common)
    _e2d                                     0x080028cd   Thumb Code    80  btod.o(CL$$btod_e2d)
    _e2e                                     0x08002921   Thumb Code   198  btod.o(CL$$btod_e2e)
    _btod_ediv                               0x080029e7   Thumb Code    40  btod.o(CL$$btod_ediv)
    _btod_edivd                              0x08002a0f   Thumb Code    40  btod.o(CL$$btod_edivd)
    _btod_emul                               0x08002a37   Thumb Code    40  btod.o(CL$$btod_emul)
    _btod_emuld                              0x08002a5f   Thumb Code    40  btod.o(CL$$btod_emuld)
    __btod_mult_common                       0x08002a87   Thumb Code   580  btod.o(CL$$btod_mult_common)
    Configure_PB12                           0x08002ccd   Thumb Code   126  main.o(i.Configure_PB12)
    Configure_PD0                            0x08002d51   Thumb Code   118  main.o(i.Configure_PD0)
    EXTI0_IRQHandler                         0x08002dcd   Thumb Code   260  main.o(i.EXTI0_IRQHandler)
    EXTI15_10_IRQHandler                     0x08002f51   Thumb Code   376  main.o(i.EXTI15_10_IRQHandler)
    EXTI_ClearITPendingBit                   0x08003155   Thumb Code     6  stm32f4xx_exti.o(i.EXTI_ClearITPendingBit)
    EXTI_GetITStatus                         0x08003161   Thumb Code    20  stm32f4xx_exti.o(i.EXTI_GetITStatus)
    EXTI_Init                                0x08003179   Thumb Code   142  stm32f4xx_exti.o(i.EXTI_Init)
    GPIO_Init                                0x0800320d   Thumb Code   144  stm32f4xx_gpio.o(i.GPIO_Init)
    GPIO_PinAFConfig                         0x0800329d   Thumb Code    70  stm32f4xx_gpio.o(i.GPIO_PinAFConfig)
    InitBuffer                               0x080032e3   Thumb Code    10  circularbuffer.o(i.InitBuffer)
    InitUSART6                               0x080032ed   Thumb Code   198  usart.o(i.InitUSART6)
    LED_Init                                 0x080033bd   Thumb Code    92  led.o(i.LED_Init)
    LED_Off                                  0x08003421   Thumb Code    16  led.o(i.LED_Off)
    LED_On                                   0x08003439   Thumb Code    16  led.o(i.LED_On)
    NVIC_Init                                0x08003451   Thumb Code   106  misc.o(i.NVIC_Init)
    RCC_AHB1PeriphClockCmd                   0x080034c9   Thumb Code    26  stm32f4xx_rcc.o(i.RCC_AHB1PeriphClockCmd)
    RCC_APB2PeriphClockCmd                   0x080034e9   Thumb Code    26  stm32f4xx_rcc.o(i.RCC_APB2PeriphClockCmd)
    RCC_GetClocksFreq                        0x08003509   Thumb Code   214  stm32f4xx_rcc.o(i.RCC_GetClocksFreq)
    SYSCFG_EXTILineConfig                    0x080035f1   Thumb Code    60  stm32f4xx_syscfg.o(i.SYSCFG_EXTILineConfig)
    SysTick_Handler                          0x0800371d   Thumb Code    12  main.o(i.SysTick_Handler)
    SystemCoreClockUpdate                    0x0800372d   Thumb Code   170  system_stm32f4xx.o(i.SystemCoreClockUpdate)
    SystemInit                               0x080037ed   Thumb Code    88  system_stm32f4xx.o(i.SystemInit)
    USART6_IRQHandler                        0x08003855   Thumb Code   106  main.o(i.USART6_IRQHandler)
    USART_Cmd                                0x080038d1   Thumb Code    24  stm32f4xx_usart.o(i.USART_Cmd)
    USART_GetITStatus                        0x080038e9   Thumb Code    84  stm32f4xx_usart.o(i.USART_GetITStatus)
    USART_ITConfig                           0x0800393d   Thumb Code    74  stm32f4xx_usart.o(i.USART_ITConfig)
    USART_Init                               0x08003989   Thumb Code   204  stm32f4xx_usart.o(i.USART_Init)
    __ARM_common_switch8                     0x08003a5d   Thumb Code    26  dump.o(i.__ARM_common_switch8)
    __ARM_fpclassify                         0x08003a77   Thumb Code    48  fpclassify.o(i.__ARM_fpclassify)
    __ARM_isinf                              0x08003aa7   Thumb Code    22  value.o(i.__ARM_isinf)
    __ARM_isnan                              0x08003abd   Thumb Code    20  value.o(i.__ARM_isnan)
    __hardfp_ldexp                           0x08003ad9   Thumb Code   200  ldexp.o(i.__hardfp_ldexp)
    __mathlib_dbl_overflow                   0x08003ba9   Thumb Code    24  dunder.o(i.__mathlib_dbl_overflow)
    __mathlib_dbl_underflow                  0x08003bc9   Thumb Code    24  dunder.o(i.__mathlib_dbl_underflow)
    __mathlib_narrow                         0x08003be9   Thumb Code   166  narrow.o(i.__mathlib_narrow)
    __support_ldexp                          0x08003ca1   Thumb Code    20  ldexp.o(i.__support_ldexp)
    _is_digit                                0x08003cb5   Thumb Code    14  __printf_wp.o(i._is_digit)
    frexp                                    0x08004351   Thumb Code   118  frexp.o(i.frexp)
    getChar                                  0x080043dd   Thumb Code    36  circularbuffer.o(i.getChar)
    getStr                                   0x08004401   Thumb Code    38  circularbuffer.o(i.getStr)
    hashtable_close                          0x0800456d   Thumb Code    16  hashtable.o(i.hashtable_close)
    hashtable_get                            0x08004651   Thumb Code    58  hashtable.o(i.hashtable_get)
    hashtable_init                           0x08004691   Thumb Code    72  hashtable.o(i.hashtable_init)
    hashtable_iter                           0x080046d9   Thumb Code    12  hashtable.o(i.hashtable_iter)
    hashtable_iter_key                       0x080046e5   Thumb Code     4  hashtable.o(i.hashtable_iter_key)
    hashtable_iter_next                      0x080046e9   Thumb Code    14  hashtable.o(i.hashtable_iter_next)
    hashtable_iter_serial                    0x080046f7   Thumb Code     4  hashtable.o(i.hashtable_iter_serial)
    hashtable_iter_value                     0x080046fb   Thumb Code     4  hashtable.o(i.hashtable_iter_value)
    hashtable_set                            0x08004701   Thumb Code   168  hashtable.o(i.hashtable_set)
    haveStr                                  0x080047ad   Thumb Code    66  circularbuffer.o(i.haveStr)
    json_array                               0x08004819   Thumb Code    54  value.o(i.json_array)
    json_array_append_new                    0x08004851   Thumb Code    68  value.o(i.json_array_append_new)
    json_array_get                           0x08004899   Thumb Code    28  value.o(i.json_array_get)
    json_array_size                          0x08004901   Thumb Code    18  value.o(i.json_array_size)
    json_delete                              0x08004973   Thumb Code    84  value.o(i.json_delete)
    json_dump_callback                       0x080049c7   Thumb Code    42  dump.o(i.json_dump_callback)
    json_dumps                               0x080049f1   Thumb Code    62  dump.o(i.json_dumps)
    json_false                               0x08004a35   Thumb Code     4  value.o(i.json_false)
    json_integer                             0x08004a5d   Thumb Code    28  value.o(i.json_integer)
    json_integer_value                       0x08004a79   Thumb Code    24  value.o(i.json_integer_value)
    json_loads                               0x08004a91   Thumb Code    82  load.o(i.json_loads)
    json_null                                0x08004b05   Thumb Code     4  value.o(i.json_null)
    json_number_value                        0x08004b0d   Thumb Code    38  value.o(i.json_number_value)
    json_object                              0x08004b35   Thumb Code    70  value.o(i.json_object)
    json_object_get                          0x08004b81   Thumb Code    28  value.o(i.json_object_get)
    json_object_iter                         0x08004b9d   Thumb Code    24  value.o(i.json_object_iter)
    json_object_iter_key                     0x08004bb5   Thumb Code    12  value.o(i.json_object_iter_key)
    json_object_iter_next                    0x08004bc1   Thumb Code    28  value.o(i.json_object_iter_next)
    json_object_iter_value                   0x08004bdd   Thumb Code    12  value.o(i.json_object_iter_value)
    json_object_key_to_iter                  0x08004be9   Thumb Code     8  value.o(i.json_object_key_to_iter)
    json_object_seed                         0x08004bf1   Thumb Code    34  hashtable_seed.o(i.json_object_seed)
    json_object_set_new_nocheck              0x08004c19   Thumb Code    58  value.o(i.json_object_set_new_nocheck)
    json_object_size                         0x08004c59   Thumb Code    18  value.o(i.json_object_size)
    json_pack_ex                             0x08004c6b   Thumb Code    20  pack_unpack.o(i.json_pack_ex)
    json_real                                0x08004c7f   Thumb Code    52  value.o(i.json_real)
    json_real_value                          0x08004cb3   Thumb Code    24  value.o(i.json_real_value)
    json_string_length                       0x08004ccb   Thumb Code    18  value.o(i.json_string_length)
    json_string_value                        0x08004cdd   Thumb Code    18  value.o(i.json_string_value)
    json_stringn_nocheck                     0x08004cef   Thumb Code    10  value.o(i.json_stringn_nocheck)
    json_true                                0x08004cf9   Thumb Code     4  value.o(i.json_true)
    json_unpack_ex                           0x08004d01   Thumb Code    22  pack_unpack.o(i.json_unpack_ex)
    json_vpack_ex                            0x08004d19   Thumb Code   128  pack_unpack.o(i.json_vpack_ex)
    json_vunpack_ex                          0x08004ddd   Thumb Code   144  pack_unpack.o(i.json_vunpack_ex)
    jsonp_dtostr                             0x08004ecd   Thumb Code   150  strconv.o(i.jsonp_dtostr)
    jsonp_error_init                         0x08004f6d   Thumb Code    34  error.o(i.jsonp_error_init)
    jsonp_error_set                          0x08004f8f   Thumb Code    16  error.o(i.jsonp_error_set)
    jsonp_error_set_source                   0x08004fa1   Thumb Code    56  error.o(i.jsonp_error_set_source)
    jsonp_error_vset                         0x08004fdd   Thumb Code    44  error.o(i.jsonp_error_vset)
    jsonp_free                               0x08005009   Thumb Code    12  memory.o(i.jsonp_free)
    jsonp_malloc                             0x08005019   Thumb Code    12  memory.o(i.jsonp_malloc)
    jsonp_strdup                             0x08005029   Thumb Code    18  memory.o(i.jsonp_strdup)
    jsonp_stringn_nocheck_own                0x0800503b   Thumb Code    10  value.o(i.jsonp_stringn_nocheck_own)
    jsonp_strndup                            0x08005045   Thumb Code    36  memory.o(i.jsonp_strndup)
    jsonp_strtod                             0x08005069   Thumb Code    90  strconv.o(i.jsonp_strtod)
    main                                     0x080056dd   Thumb Code  2388  main.o(i.main)
    putChar                                  0x0800685d   Thumb Code    50  circularbuffer.o(i.putChar)
    putStr                                   0x0800688f   Thumb Code    28  circularbuffer.o(i.putStr)
    seed_from_timestamp_and_pid              0x08006a35   Thumb Code     6  jansson_config.o(i.seed_from_timestamp_and_pid)
    strbuffer_append_byte                    0x08006a67   Thumb Code    12  strbuffer.o(i.strbuffer_append_byte)
    strbuffer_append_bytes                   0x08006a75   Thumb Code   108  strbuffer.o(i.strbuffer_append_bytes)
    strbuffer_clear                          0x08006ae5   Thumb Code    10  strbuffer.o(i.strbuffer_clear)
    strbuffer_close                          0x08006aef   Thumb Code    24  strbuffer.o(i.strbuffer_close)
    strbuffer_init                           0x08006b07   Thumb Code    34  strbuffer.o(i.strbuffer_init)
    strbuffer_pop                            0x08006b29   Thumb Code    24  strbuffer.o(i.strbuffer_pop)
    strbuffer_steal_value                    0x08006b41   Thumb Code    10  strbuffer.o(i.strbuffer_steal_value)
    strbuffer_value                          0x08006b4b   Thumb Code     4  strbuffer.o(i.strbuffer_value)
    strtod                                   0x08006cd9   Thumb Code    34  strtod.o(i.strtod)
    utf8_check_first                         0x080074c1   Thumb Code    60  utf.o(i.utf8_check_first)
    utf8_check_full                          0x080074fd   Thumb Code   126  utf.o(i.utf8_check_full)
    utf8_check_string                        0x08007585   Thumb Code    62  utf.o(i.utf8_check_string)
    utf8_encode                              0x080075c5   Thumb Code   120  utf.o(i.utf8_encode)
    utf8_iterate                             0x08007641   Thumb Code    64  utf.o(i.utf8_iterate)
    _get_lc_numeric                          0x08007681   Thumb Code    44  lc_numeric_c.o(locale$$code)
    _get_lc_ctype                            0x080076ad   Thumb Code    44  lc_ctype_c.o(locale$$code)
    __aeabi_d2f                              0x080076d9   Thumb Code     0  d2f.o(x$fpl$d2f)
    _d2f                                     0x080076d9   Thumb Code    98  d2f.o(x$fpl$d2f)
    __fpl_dcheck_NaN1                        0x0800773d   Thumb Code    10  dcheck1.o(x$fpl$dcheck1)
    __fpl_dcmp_Inf                           0x0800774d   Thumb Code    24  dcmpi.o(x$fpl$dcmpinf)
    __aeabi_cdcmpeq                          0x08007765   Thumb Code     0  deqf.o(x$fpl$deqf)
    _dcmpeq                                  0x08007765   Thumb Code   120  deqf.o(x$fpl$deqf)
    __aeabi_l2d                              0x080077dd   Thumb Code     0  dfltll_clz.o(x$fpl$dfltll)
    _ll_sto_d                                0x080077dd   Thumb Code   162  dfltll_clz.o(x$fpl$dfltll)
    __aeabi_cdcmple                          0x08007881   Thumb Code     0  dleqf.o(x$fpl$dleqf)
    _dcmple                                  0x08007881   Thumb Code   120  dleqf.o(x$fpl$dleqf)
    __fpl_dcmple_InfNaN                      0x080078e3   Thumb Code     0  dleqf.o(x$fpl$dleqf)
    __aeabi_dmul                             0x080078f9   Thumb Code     0  dmul.o(x$fpl$dmul)
    _dmul                                    0x080078f9   Thumb Code   332  dmul.o(x$fpl$dmul)
    __fpl_dnaninf                            0x08007a4d   Thumb Code   156  dnaninf.o(x$fpl$dnaninf)
    __fpl_dretinf                            0x08007ae9   Thumb Code    12  dretinf.o(x$fpl$dretinf)
    __aeabi_cdrcmple                         0x08007af5   Thumb Code     0  drleqf.o(x$fpl$drleqf)
    _drcmple                                 0x08007af5   Thumb Code   108  drleqf.o(x$fpl$drleqf)
    _fp_init                                 0x08007b61   Thumb Code    10  fpinit.o(x$fpl$fpinit)
    __fplib_config_fpu_vfp                   0x08007b69   Thumb Code     0  fpinit.o(x$fpl$fpinit)
    __fplib_config_pureend_doubles           0x08007b69   Thumb Code     0  fpinit.o(x$fpl$fpinit)
    __fpl_fretinf                            0x08007b6b   Thumb Code    10  fretinf.o(x$fpl$fretinf)
    _printf_fp_dec                           0x08007b75   Thumb Code     4  printf1.o(x$fpl$printf1)
    __fpl_return_NaN                         0x08007b79   Thumb Code   100  retnan.o(x$fpl$retnan)
    __ARM_scalbn                             0x08007bdd   Thumb Code    92  scalbn.o(x$fpl$scalbn)
    _scanf_real                              0x08007c39   Thumb Code     4  scanf1.o(x$fpl$scanf1)
    _scanf_hex_real                          0x08007c3d   Thumb Code     4  scanf2.o(x$fpl$scanf2)
    _scanf_infnan                            0x08007c41   Thumb Code     4  scanf2.o(x$fpl$scanf2)
    __fpl_cmpreturn                          0x08007c45   Thumb Code    48  trapv.o(x$fpl$trapveneer)
    __I$use$fp                               0x08007c74   Number         0  usenofp.o(x$fpl$usenofp)
    __aeabi_uidivmod                         0x08007c75   Thumb Code    12  aeabi_sdiv.o(x$udivmod)
    led_mask                                 0x08007c80   Data          16  led.o(.constdata)
    Region$$Table$$Base                      0x08007df8   Number         0  anon$$obj.o(Region$$Table)
    Region$$Table$$Limit                     0x08007e18   Number         0  anon$$obj.o(Region$$Table)
    __aeabi_HUGE_VAL                         0x08007e18   Data           0  fpconst.o(c$$dinf)
    __aeabi_HUGE_VALL                        0x08007e18   Data           0  fpconst.o(c$$dinf)
    __aeabi_INFINITY                         0x08007e18   Data           0  fpconst.o(c$$dinf)
    __dInf                                   0x08007e18   Data           0  fpconst.o(c$$dinf)
    __huge_val                               0x08007e18   Data           0  fpconst.o(c$$dinf)
    __ctype                                  0x08007e49   Data           0  lc_ctype_c.o(locale$$data)
    state                                    0x20000010   Data           4  main.o(.data)
    ResponseObj                              0x20000014   Data           4  main.o(.data)
    ActionObj                                0x20000018   Data           4  main.o(.data)
    MessageObj                               0x2000001c   Data           4  main.o(.data)
    MessageResultObj                         0x20000020   Data           4  main.o(.data)
    ResponseVal                              0x20000024   Data           4  main.o(.data)
    ActionVal                                0x20000028   Data           4  main.o(.data)
    MessageVal                               0x2000002c   Data           4  main.o(.data)
    MessageResultVal                         0x20000030   Data           4  main.o(.data)
    Result                                   0x20000034   Data           4  main.o(.data)
    IP                                       0x20000038   Data           4  main.o(.data)
    StateMask                                0x2000003c   Data           4  main.o(.data)
    Action                                   0x20000040   Data           4  main.o(.data)
    Topics1                                  0x20000044   Data           4  main.o(.data)
    Topic                                    0x20000048   Data           4  main.o(.data)
    RC                                       0x2000004c   Data           4  main.o(.data)
    button                                   0x20000050   Data           4  main.o(.data)
    haveString                               0x20000054   Data           4  main.o(.data)
    SystemCoreClock                          0x20000060   Data           4  system_stm32f4xx.o(.data)
    AHBPrescTable                            0x20000064   Data          16  system_stm32f4xx.o(.data)
    hashtable_seed                           0x200000a4   Data           4  hashtable_seed.o(.data)
    ResponseStr                              0x200010c8   Data         256  main.o(.bss)
    ActionStr                                0x200011c8   Data         256  main.o(.bss)
    MessageStr                               0x200012c8   Data         256  main.o(.bss)
    RecvStr                                  0x200013c8   Data         512  main.o(.bss)
    error                                    0x200015c8   Data         252  main.o(.bss)
    error1                                   0x200016c4   Data         252  main.o(.bss)
    received6String                          0x200017c0   Data        2049  main.o(.bss)
    __libspace_start                         0x20001fc4   Data          96  libspace.o(.bss)
    __temporary_stack_top$libspace           0x20002024   Data           0  libspace.o(.bss)



==============================================================================

Memory Map of the image

  Image Entry point : 0x080002dd

  Load Region LR_1 (Base: 0x08000000, Size: 0x00007ff4, Max: 0xffffffff, ABSOLUTE)

    Execution Region ER_RO (Base: 0x08000000, Size: 0x00007f4c, Max: 0xffffffff, ABSOLUTE)

    Base Addr    Size         Type   Attr      Idx    E Section Name        Object

    0x08000000   0x00000188   Data   RO         1145    RESET               startup_stm32f40_41xxx.o
    0x08000188   0x00000008   Code   RO         2587  * !!!main             c_w.l(__main.o)
    0x08000190   0x00000034   Code   RO         3091    !!!scatter          c_w.l(__scatter.o)
    0x080001c4   0x0000001a   Code   RO         3093    !!handler_copy      c_w.l(__scatter_copy.o)
    0x080001de   0x00000002   PAD
    0x080001e0   0x0000001c   Code   RO         3095    !!handler_zi        c_w.l(__scatter_zi.o)
    0x080001fc   0x00000000   Code   RO         2487    .ARM.Collect$$_printf_percent$$00000000  c_w.l(_printf_percent.o)
    0x080001fc   0x00000006   Code   RO         2675    .ARM.Collect$$_printf_percent$$00000001  c_w.l(_printf_n.o)
    0x08000202   0x00000006   Code   RO         2676    .ARM.Collect$$_printf_percent$$00000002  c_w.l(_printf_p.o)
    0x08000208   0x00000006   Code   RO         2681    .ARM.Collect$$_printf_percent$$00000003  c_w.l(_printf_f.o)
    0x0800020e   0x00000006   Code   RO         2682    .ARM.Collect$$_printf_percent$$00000004  c_w.l(_printf_e.o)
    0x08000214   0x00000006   Code   RO         2486    .ARM.Collect$$_printf_percent$$00000005  c_w.l(_printf_g.o)
    0x0800021a   0x00000006   Code   RO         2683    .ARM.Collect$$_printf_percent$$00000006  c_w.l(_printf_a.o)
    0x08000220   0x0000000a   Code   RO         2687    .ARM.Collect$$_printf_percent$$00000007  c_w.l(_printf_ll.o)
    0x0800022a   0x00000006   Code   RO         2678    .ARM.Collect$$_printf_percent$$00000008  c_w.l(_printf_i.o)
    0x08000230   0x00000006   Code   RO         2679    .ARM.Collect$$_printf_percent$$00000009  c_w.l(_printf_d.o)
    0x08000236   0x00000006   Code   RO         2680    .ARM.Collect$$_printf_percent$$0000000A  c_w.l(_printf_u.o)
    0x0800023c   0x00000006   Code   RO         2677    .ARM.Collect$$_printf_percent$$0000000B  c_w.l(_printf_o.o)
    0x08000242   0x00000006   Code   RO         2485    .ARM.Collect$$_printf_percent$$0000000C  c_w.l(_printf_x.o)
    0x08000248   0x00000006   Code   RO         2685    .ARM.Collect$$_printf_percent$$0000000D  c_w.l(_printf_lli.o)
    0x0800024e   0x00000006   Code   RO         2488    .ARM.Collect$$_printf_percent$$0000000E  c_w.l(_printf_lld.o)
    0x08000254   0x00000006   Code   RO         2686    .ARM.Collect$$_printf_percent$$0000000F  c_w.l(_printf_llu.o)
    0x0800025a   0x00000006   Code   RO         2691    .ARM.Collect$$_printf_percent$$00000010  c_w.l(_printf_llo.o)
    0x08000260   0x00000006   Code   RO         2692    .ARM.Collect$$_printf_percent$$00000011  c_w.l(_printf_llx.o)
    0x08000266   0x0000000a   Code   RO         2688    .ARM.Collect$$_printf_percent$$00000012  c_w.l(_printf_l.o)
    0x08000270   0x00000006   Code   RO         2674    .ARM.Collect$$_printf_percent$$00000013  c_w.l(_printf_c.o)
    0x08000276   0x00000006   Code   RO         2484    .ARM.Collect$$_printf_percent$$00000014  c_w.l(_printf_s.o)
    0x0800027c   0x00000006   Code   RO         2689    .ARM.Collect$$_printf_percent$$00000015  c_w.l(_printf_lc.o)
    0x08000282   0x00000006   Code   RO         2690    .ARM.Collect$$_printf_percent$$00000016  c_w.l(_printf_ls.o)
    0x08000288   0x00000004   Code   RO         2684    .ARM.Collect$$_printf_percent$$00000017  c_w.l(_printf_percent_end.o)
    0x0800028c   0x00000002   Code   RO         2960    .ARM.Collect$$libinit$$00000000  c_w.l(libinit.o)
    0x0800028e   0x00000004   Code   RO         2720    .ARM.Collect$$libinit$$00000001  c_w.l(libinit2.o)
    0x08000292   0x00000000   Code   RO         2723    .ARM.Collect$$libinit$$00000004  c_w.l(libinit2.o)
    0x08000292   0x00000008   Code   RO         2724    .ARM.Collect$$libinit$$00000005  c_w.l(libinit2.o)
    0x0800029a   0x00000000   Code   RO         2726    .ARM.Collect$$libinit$$0000000A  c_w.l(libinit2.o)
    0x0800029a   0x00000000   Code   RO         2728    .ARM.Collect$$libinit$$0000000C  c_w.l(libinit2.o)
    0x0800029a   0x00000000   Code   RO         2730    .ARM.Collect$$libinit$$0000000E  c_w.l(libinit2.o)
    0x0800029a   0x00000006   Code   RO         2731    .ARM.Collect$$libinit$$0000000F  c_w.l(libinit2.o)
    0x080002a0   0x00000000   Code   RO         2733    .ARM.Collect$$libinit$$00000011  c_w.l(libinit2.o)
    0x080002a0   0x0000000c   Code   RO         2734    .ARM.Collect$$libinit$$00000012  c_w.l(libinit2.o)
    0x080002ac   0x00000000   Code   RO         2735    .ARM.Collect$$libinit$$00000013  c_w.l(libinit2.o)
    0x080002ac   0x00000000   Code   RO         2737    .ARM.Collect$$libinit$$00000015  c_w.l(libinit2.o)
    0x080002ac   0x0000000a   Code   RO         2738    .ARM.Collect$$libinit$$00000016  c_w.l(libinit2.o)
    0x080002b6   0x00000000   Code   RO         2739    .ARM.Collect$$libinit$$00000017  c_w.l(libinit2.o)
    0x080002b6   0x00000000   Code   RO         2741    .ARM.Collect$$libinit$$00000019  c_w.l(libinit2.o)
    0x080002b6   0x00000000   Code   RO         2743    .ARM.Collect$$libinit$$0000001B  c_w.l(libinit2.o)
    0x080002b6   0x00000000   Code   RO         2745    .ARM.Collect$$libinit$$0000001D  c_w.l(libinit2.o)
    0x080002b6   0x00000000   Code   RO         2747    .ARM.Collect$$libinit$$0000001F  c_w.l(libinit2.o)
    0x080002b6   0x00000000   Code   RO         2749    .ARM.Collect$$libinit$$00000021  c_w.l(libinit2.o)
    0x080002b6   0x00000000   Code   RO         2751    .ARM.Collect$$libinit$$00000023  c_w.l(libinit2.o)
    0x080002b6   0x00000000   Code   RO         2753    .ARM.Collect$$libinit$$00000025  c_w.l(libinit2.o)
    0x080002b6   0x00000000   Code   RO         2757    .ARM.Collect$$libinit$$0000002C  c_w.l(libinit2.o)
    0x080002b6   0x00000000   Code   RO         2759    .ARM.Collect$$libinit$$0000002E  c_w.l(libinit2.o)
    0x080002b6   0x00000000   Code   RO         2761    .ARM.Collect$$libinit$$00000030  c_w.l(libinit2.o)
    0x080002b6   0x00000000   Code   RO         2763    .ARM.Collect$$libinit$$00000032  c_w.l(libinit2.o)
    0x080002b6   0x00000002   Code   RO         2764    .ARM.Collect$$libinit$$00000033  c_w.l(libinit2.o)
    0x080002b8   0x00000002   Code   RO         3031    .ARM.Collect$$libshutdown$$00000000  c_w.l(libshutdown.o)
    0x080002ba   0x00000000   Code   RO         2891    .ARM.Collect$$libshutdown$$00000002  c_w.l(libshutdown2.o)
    0x080002ba   0x00000000   Code   RO         2893    .ARM.Collect$$libshutdown$$00000004  c_w.l(libshutdown2.o)
    0x080002ba   0x00000000   Code   RO         2896    .ARM.Collect$$libshutdown$$00000007  c_w.l(libshutdown2.o)
    0x080002ba   0x00000000   Code   RO         2899    .ARM.Collect$$libshutdown$$0000000A  c_w.l(libshutdown2.o)
    0x080002ba   0x00000000   Code   RO         2901    .ARM.Collect$$libshutdown$$0000000C  c_w.l(libshutdown2.o)
    0x080002ba   0x00000000   Code   RO         2904    .ARM.Collect$$libshutdown$$0000000F  c_w.l(libshutdown2.o)
    0x080002ba   0x00000002   Code   RO         2905    .ARM.Collect$$libshutdown$$00000010  c_w.l(libshutdown2.o)
    0x080002bc   0x00000000   Code   RO         2615    .ARM.Collect$$rtentry$$00000000  c_w.l(__rtentry.o)
    0x080002bc   0x00000000   Code   RO         2778    .ARM.Collect$$rtentry$$00000002  c_w.l(__rtentry2.o)
    0x080002bc   0x00000006   Code   RO         2790    .ARM.Collect$$rtentry$$00000004  c_w.l(__rtentry4.o)
    0x080002c2   0x00000000   Code   RO         2780    .ARM.Collect$$rtentry$$00000009  c_w.l(__rtentry2.o)
    0x080002c2   0x00000004   Code   RO         2781    .ARM.Collect$$rtentry$$0000000A  c_w.l(__rtentry2.o)
    0x080002c6   0x00000000   Code   RO         2783    .ARM.Collect$$rtentry$$0000000C  c_w.l(__rtentry2.o)
    0x080002c6   0x00000008   Code   RO         2784    .ARM.Collect$$rtentry$$0000000D  c_w.l(__rtentry2.o)
    0x080002ce   0x00000002   Code   RO         2963    .ARM.Collect$$rtexit$$00000000  c_w.l(rtexit.o)
    0x080002d0   0x00000000   Code   RO         2995    .ARM.Collect$$rtexit$$00000002  c_w.l(rtexit2.o)
    0x080002d0   0x00000004   Code   RO         2996    .ARM.Collect$$rtexit$$00000003  c_w.l(rtexit2.o)
    0x080002d4   0x00000006   Code   RO         2997    .ARM.Collect$$rtexit$$00000004  c_w.l(rtexit2.o)
    0x080002da   0x00000002   PAD
    0x080002dc   0x00000000   Code   RO         2805    .emb_text           c_w.l(maybetermalloc1.o)
    0x080002dc   0x00000040   Code   RO         1146  * .text               startup_stm32f40_41xxx.o
    0x0800031c   0x00000008   Code   RO         2361    .text               c_w.l(rt_errno_addr_intlibspace.o)
    0x08000324   0x0000005e   Code   RO         2367    .text               c_w.l(h1_alloc.o)
    0x08000382   0x0000004e   Code   RO         2369    .text               c_w.l(h1_free.o)
    0x080003d0   0x00000034   Code   RO         2425    .text               c_w.l(c89vsnprintf.o)
    0x08000404   0x0000002c   Code   RO         2427    .text               c_w.l(__2sprintf.o)
    0x08000430   0x00000038   Code   RO         2429    .text               c_w.l(__2snprintf.o)
    0x08000468   0x0000004e   Code   RO         2437    .text               c_w.l(_printf_pad.o)
    0x080004b6   0x00000052   Code   RO         2439    .text               c_w.l(_printf_str.o)
    0x08000508   0x0000007c   Code   RO         2441    .text               c_w.l(_printf_longlong_dec.o)
    0x08000584   0x00000094   Code   RO         2461    .text               c_w.l(_printf_hex_int_ll_ptr.o)
    0x08000618   0x00000188   Code   RO         2481    .text               c_w.l(__printf_flags_ss_wp.o)
    0x080007a0   0x00000004   Code   RO         2489    .text               c_w.l(strtoll.o)
    0x080007a4   0x00000016   Code   RO         2513    .text               c_w.l(abort.o)
    0x080007ba   0x00000264   Code   RO         2515    .text               c_w.l(qsortnoex.o)
    0x08000a1e   0x00000014   Code   RO         2519    .text               c_w.l(strchr.o)
    0x08000a32   0x00000048   Code   RO         2523    .text               c_w.l(strcpy.o)
    0x08000a7a   0x0000003e   Code   RO         2525    .text               c_w.l(strlen.o)
    0x08000ab8   0x00000014   Code   RO         2527    .text               c_w.l(memchr.o)
    0x08000acc   0x0000008a   Code   RO         2529    .text               c_w.l(rt_memcpy_v6.o)
    0x08000b56   0x00000084   Code   RO         2531    .text               c_w.l(rt_memmove_v6.o)
    0x08000bda   0x00000064   Code   RO         2533    .text               c_w.l(rt_memcpy_w.o)
    0x08000c3e   0x0000007a   Code   RO         2535    .text               c_w.l(rt_memmove_w.o)
    0x08000cb8   0x00000080   Code   RO         2539    .text               c_w.l(strcmpv7m.o)
    0x08000d38   0x00000006   Code   RO         2585    .text               c_w.l(heapauxi.o)
    0x08000d3e   0x00000002   PAD
    0x08000d40   0x0000000c   Code   RO         2608    .text               c_w.l(sys_exit.o)
    0x08000d4c   0x00000008   Code   RO         2610    .text               c_w.l(libspace.o)
    0x08000d54   0x00000008   Code   RO         2623    .text               c_w.l(rt_heap_descriptor_intlibspace.o)
    0x08000d5c   0x00000004   Code   RO         2625    .text               c_w.l(hguard.o)
    0x08000d60   0x0000008a   Code   RO         2627    .text               c_w.l(init_alloc.o)
    0x08000dea   0x0000000e   Code   RO         2631    .text               c_w.l(h1_init.o)
    0x08000df8   0x0000008a   Code   RO         2645    .text               c_w.l(lludiv10.o)
    0x08000e82   0x00000024   Code   RO         2647    .text               c_w.l(_printf_truncate.o)
    0x08000ea6   0x000000b2   Code   RO         2649    .text               c_w.l(_printf_intcommon.o)
    0x08000f58   0x00000078   Code   RO         2651    .text               c_w.l(_printf_dec.o)
    0x08000fd0   0x00000028   Code   RO         2653    .text               c_w.l(_printf_charcount.o)
    0x08000ff8   0x0000041a   Code   RO         2655    .text               c_w.l(_printf_fp_dec.o)
    0x08001412   0x00000002   PAD
    0x08001414   0x00000030   Code   RO         2657    .text               c_w.l(_printf_char_common.o)
    0x08001444   0x0000000a   Code   RO         2659    .text               c_w.l(_sputc.o)
    0x0800144e   0x00000010   Code   RO         2661    .text               c_w.l(_snputc.o)
    0x0800145e   0x0000002c   Code   RO         2663    .text               c_w.l(_printf_char.o)
    0x0800148a   0x00000002   PAD
    0x0800148c   0x000000bc   Code   RO         2665    .text               c_w.l(_printf_wctomb.o)
    0x08001548   0x00000070   Code   RO         2672    .text               c_w.l(_printf_oct_int_ll.o)
    0x080015b8   0x000000a4   Code   RO         2693    .text               c_w.l(strtod.o)
    0x0800165c   0x00000090   Code   RO         2695    .text               c_w.l(__strtoll.o)
    0x080016ec   0x0000000e   Code   RO         2714    .text               c_w.l(defsig_abrt_outer.o)
    0x080016fa   0x00000002   Code   RO         2774    .text               c_w.l(use_no_semi.o)
    0x080016fc   0x00000000   Code   RO         2776    .text               c_w.l(indicate_semi.o)
    0x080016fc   0x00000010   Code   RO         2792    .text               c_w.l(rt_ctype_table.o)
    0x0800170c   0x00000008   Code   RO         2801    .text               c_w.l(rt_locale_intlibspace.o)
    0x08001714   0x00000034   Code   RO         2807    .text               c_w.l(h1_extend.o)
    0x08001748   0x00000012   Code   RO         2811    .text               c_w.l(isspace.o)
    0x0800175a   0x00000002   PAD
    0x0800175c   0x00000080   Code   RO         2813    .text               c_w.l(_printf_fp_infnan.o)
    0x080017dc   0x0000002c   Code   RO         2817    .text               c_w.l(_printf_wchar.o)
    0x08001808   0x00000040   Code   RO         2819    .text               c_w.l(_sgetc.o)
    0x08001848   0x000000c2   Code   RO         2821    .text               c_w.l(_strtoull.o)
    0x0800190a   0x00000002   PAD
    0x0800190c   0x000000dc   Code   RO         2823    .text               c_w.l(bigflt0.o)
    0x080019e8   0x00000040   Code   RO         2868    .text               c_w.l(_wcrtomb.o)
    0x08001a28   0x0000000a   Code   RO         2873    .text               c_w.l(defsig_exit.o)
    0x08001a32   0x00000002   PAD
    0x08001a34   0x00000030   Code   RO         2875    .text               c_w.l(defsig_abrt_inner.o)
    0x08001a64   0x0000000e   Code   RO         2881    .text               c_w.l(defsig_rtmem_outer.o)
    0x08001a72   0x0000004a   Code   RO         2916    .text               c_w.l(sys_stackheap_outer.o)
    0x08001abc   0x0000001c   Code   RO         2920    .text               c_w.l(_chval.o)
    0x08001ad8   0x000004a4   Code   RO         2922    .text               c_w.l(scanf_fp.o)
    0x08001f7c   0x00000012   Code   RO         2935    .text               c_w.l(exit.o)
    0x08001f8e   0x00000032   Code   RO         2939    .text               c_w.l(defsig_general.o)
    0x08001fc0   0x00000050   Code   RO         2947    .text               c_w.l(defsig_rtmem_inner.o)
    0x08002010   0x0000000e   Code   RO         2961    .text               c_w.l(sys_wrch.o)
    0x0800201e   0x00000016   Code   RO         3001    .text               c_w.l(_rserrno.o)
    0x08002034   0x00000320   Code   RO         3003    .text               c_w.l(scanf_hexfp.o)
    0x08002354   0x00000134   Code   RO         3005    .text               c_w.l(scanf_infnan.o)
    0x08002488   0x00000026   Code   RO         3027    .text               c_w.l(llshl.o)
    0x080024ae   0x0000003e   Code   RO         2826    CL$$btod_d2e        c_w.l(btod.o)
    0x080024ec   0x00000046   Code   RO         2828    CL$$btod_d2e_denorm_low  c_w.l(btod.o)
    0x08002532   0x00000060   Code   RO         2827    CL$$btod_d2e_norm_op1  c_w.l(btod.o)
    0x08002592   0x00000338   Code   RO         2836    CL$$btod_div_common  c_w.l(btod.o)
    0x080028ca   0x00000002   PAD
    0x080028cc   0x00000054   Code   RO         2834    CL$$btod_e2d        c_w.l(btod.o)
    0x08002920   0x000000c6   Code   RO         2833    CL$$btod_e2e        c_w.l(btod.o)
    0x080029e6   0x00000028   Code   RO         2830    CL$$btod_ediv       c_w.l(btod.o)
    0x08002a0e   0x00000028   Code   RO         2832    CL$$btod_edivd      c_w.l(btod.o)
    0x08002a36   0x00000028   Code   RO         2829    CL$$btod_emul       c_w.l(btod.o)
    0x08002a5e   0x00000028   Code   RO         2831    CL$$btod_emuld      c_w.l(btod.o)
    0x08002a86   0x00000244   Code   RO         2835    CL$$btod_mult_common  c_w.l(btod.o)
    0x08002cca   0x00000002   PAD
    0x08002ccc   0x00000084   Code   RO            4    i.Configure_PB12    main.o
    0x08002d50   0x0000007c   Code   RO            5    i.Configure_PD0     main.o
    0x08002dcc   0x00000184   Code   RO            6    i.EXTI0_IRQHandler  main.o
    0x08002f50   0x00000204   Code   RO            7    i.EXTI15_10_IRQHandler  main.o
    0x08003154   0x0000000c   Code   RO          916    i.EXTI_ClearITPendingBit  stm32f4xx_exti.o
    0x08003160   0x00000018   Code   RO          920    i.EXTI_GetITStatus  stm32f4xx_exti.o
    0x08003178   0x00000094   Code   RO          921    i.EXTI_Init         stm32f4xx_exti.o
    0x0800320c   0x00000090   Code   RO          982    i.GPIO_Init         stm32f4xx_gpio.o
    0x0800329c   0x00000046   Code   RO          983    i.GPIO_PinAFConfig  stm32f4xx_gpio.o
    0x080032e2   0x0000000a   Code   RO          854    i.InitBuffer        circularbuffer.o
    0x080032ec   0x000000d0   Code   RO          246    i.InitUSART6        usart.o
    0x080033bc   0x00000064   Code   RO          194    i.LED_Init          led.o
    0x08003420   0x00000018   Code   RO          195    i.LED_Off           led.o
    0x08003438   0x00000018   Code   RO          196    i.LED_On            led.o
    0x08003450   0x00000078   Code   RO          276    i.NVIC_Init         misc.o
    0x080034c8   0x00000020   Code   RO          324    i.RCC_AHB1PeriphClockCmd  stm32f4xx_rcc.o
    0x080034e8   0x00000020   Code   RO          336    i.RCC_APB2PeriphClockCmd  stm32f4xx_rcc.o
    0x08003508   0x000000e8   Code   RO          345    i.RCC_GetClocksFreq  stm32f4xx_rcc.o
    0x080035f0   0x00000040   Code   RO         1086    i.SYSCFG_EXTILineConfig  stm32f4xx_syscfg.o
    0x08003630   0x000000ec   Code   RO          149    i.SetSysClock       system_stm32f4xx.o
    0x0800371c   0x00000010   Code   RO            8    i.SysTick_Handler   main.o
    0x0800372c   0x000000c0   Code   RO          150    i.SystemCoreClockUpdate  system_stm32f4xx.o
    0x080037ec   0x00000068   Code   RO          151    i.SystemInit        system_stm32f4xx.o
    0x08003854   0x0000007c   Code   RO            9    i.USART6_IRQHandler  main.o
    0x080038d0   0x00000018   Code   RO          666    i.USART_Cmd         stm32f4xx_usart.o
    0x080038e8   0x00000054   Code   RO          670    i.USART_GetITStatus  stm32f4xx_usart.o
    0x0800393c   0x0000004a   Code   RO          672    i.USART_ITConfig    stm32f4xx_usart.o
    0x08003986   0x00000002   PAD
    0x08003988   0x000000d4   Code   RO          673    i.USART_Init        stm32f4xx_usart.o
    0x08003a5c   0x0000001a   Code   RO         1224    i.__ARM_common_switch8  jansson_CM3LE.lib(dump.o)
    0x08003a76   0x00000030   Code   RO         2914    i.__ARM_fpclassify  m_wm.l(fpclassify.o)
    0x08003aa6   0x00000016   Code   RO         2289    i.__ARM_isinf       jansson_CM3LE.lib(value.o)
    0x08003abc   0x00000018   Code   RO         2294    i.__ARM_isnan       jansson_CM3LE.lib(value.o)
    0x08003ad4   0x00000004   PAD
    0x08003ad8   0x000000d0   Code   RO         3038    i.__hardfp_ldexp    m_wm.l(ldexp.o)
    0x08003ba8   0x00000020   Code   RO         3062    i.__mathlib_dbl_overflow  m_wm.l(dunder.o)
    0x08003bc8   0x00000020   Code   RO         3064    i.__mathlib_dbl_underflow  m_wm.l(dunder.o)
    0x08003be8   0x000000b8   Code   RO         2987    i.__mathlib_narrow  m_wm.l(narrow.o)
    0x08003ca0   0x00000014   Code   RO         3040    i.__support_ldexp   m_wm.l(ldexp.o)
    0x08003cb4   0x0000000e   Code   RO         2474    i._is_digit         c_w.l(__printf_wp.o)
    0x08003cc2   0x00000018   Code   RO         1943    i.array_copy        jansson_CM3LE.lib(value.o)
    0x08003cda   0x00000016   Code   RO         1616    i.bucket_is_empty   jansson_CM3LE.lib(hashtable.o)
    0x08003cf0   0x0000004c   Code   RO         1272    i.decode_unicode_escape  jansson_CM3LE.lib(load.o)
    0x08003d3c   0x00000394   Code   RO         1162    i.do_dump           jansson_CM3LE.lib(dump.o)
    0x080040d0   0x00000060   Code   RO         1163    i.dump_indent       jansson_CM3LE.lib(dump.o)
    0x08004130   0x0000014c   Code   RO         1164    i.dump_string       jansson_CM3LE.lib(dump.o)
    0x0800427c   0x00000010   Code   RO         1166    i.dump_to_strbuffer  jansson_CM3LE.lib(dump.o)
    0x0800428c   0x000000c0   Code   RO         1273    i.error_set         jansson_CM3LE.lib(load.o)
    0x0800434c   0x00000004   PAD
    0x08004350   0x0000008c   Code   RO         3023    i.frexp             m_wm.l(frexp.o)
    0x080043dc   0x00000024   Code   RO          855    i.getChar           circularbuffer.o
    0x08004400   0x00000026   Code   RO          856    i.getStr            circularbuffer.o
    0x08004426   0x00000002   PAD
    0x08004428   0x00000144   Code   RO         1617    i.hashlittle        jansson_CM3LE.lib(hashtable.o)
    0x0800456c   0x00000010   Code   RO         1619    i.hashtable_close   jansson_CM3LE.lib(hashtable.o)
    0x0800457c   0x00000022   Code   RO         1621    i.hashtable_do_clear  jansson_CM3LE.lib(hashtable.o)
    0x0800459e   0x00000076   Code   RO         1623    i.hashtable_do_rehash  jansson_CM3LE.lib(hashtable.o)
    0x08004614   0x0000003c   Code   RO         1624    i.hashtable_find_pair  jansson_CM3LE.lib(hashtable.o)
    0x08004650   0x00000040   Code   RO         1625    i.hashtable_get     jansson_CM3LE.lib(hashtable.o)
    0x08004690   0x00000048   Code   RO         1626    i.hashtable_init    jansson_CM3LE.lib(hashtable.o)
    0x080046d8   0x0000000c   Code   RO         1627    i.hashtable_iter    jansson_CM3LE.lib(hashtable.o)
    0x080046e4   0x00000004   Code   RO         1629    i.hashtable_iter_key  jansson_CM3LE.lib(hashtable.o)
    0x080046e8   0x0000000e   Code   RO         1630    i.hashtable_iter_next  jansson_CM3LE.lib(hashtable.o)
    0x080046f6   0x00000004   Code   RO         1631    i.hashtable_iter_serial  jansson_CM3LE.lib(hashtable.o)
    0x080046fa   0x00000004   Code   RO         1633    i.hashtable_iter_value  jansson_CM3LE.lib(hashtable.o)
    0x080046fe   0x00000002   PAD
    0x08004700   0x000000ac   Code   RO         1634    i.hashtable_set     jansson_CM3LE.lib(hashtable.o)
    0x080047ac   0x00000042   Code   RO          857    i.haveStr           circularbuffer.o
    0x080047ee   0x0000002a   Code   RO         1635    i.insert_to_bucket  jansson_CM3LE.lib(hashtable.o)
    0x08004818   0x00000036   Code   RO         1945    i.json_array        jansson_CM3LE.lib(value.o)
    0x0800484e   0x00000002   PAD
    0x08004850   0x00000048   Code   RO         1946    i.json_array_append_new  jansson_CM3LE.lib(value.o)
    0x08004898   0x0000001c   Code   RO         1949    i.json_array_get    jansson_CM3LE.lib(value.o)
    0x080048b4   0x0000004c   Code   RO         1950    i.json_array_grow   jansson_CM3LE.lib(value.o)
    0x08004900   0x00000012   Code   RO         1954    i.json_array_size   jansson_CM3LE.lib(value.o)
    0x08004912   0x00000018   Code   RO         1274    i.json_decref       jansson_CM3LE.lib(load.o)
    0x0800492a   0x00000018   Code   RO         1436    i.json_decref       jansson_CM3LE.lib(pack_unpack.o)
    0x08004942   0x00000018   Code   RO         1636    i.json_decref       jansson_CM3LE.lib(hashtable.o)
    0x0800495a   0x00000018   Code   RO         1956    i.json_decref       jansson_CM3LE.lib(value.o)
    0x08004972   0x00000054   Code   RO         1958    i.json_delete       jansson_CM3LE.lib(value.o)
    0x080049c6   0x0000002a   Code   RO         1167    i.json_dump_callback  jansson_CM3LE.lib(dump.o)
    0x080049f0   0x00000044   Code   RO         1170    i.json_dumps        jansson_CM3LE.lib(dump.o)
    0x08004a34   0x00000008   Code   RO         1960    i.json_false        jansson_CM3LE.lib(value.o)
    0x08004a3c   0x00000010   Code   RO         1275    i.json_incref       jansson_CM3LE.lib(load.o)
    0x08004a4c   0x00000010   Code   RO         1437    i.json_incref       jansson_CM3LE.lib(pack_unpack.o)
    0x08004a5c   0x0000001c   Code   RO         1962    i.json_integer      jansson_CM3LE.lib(value.o)
    0x08004a78   0x00000018   Code   RO         1964    i.json_integer_value  jansson_CM3LE.lib(value.o)
    0x08004a90   0x00000074   Code   RO         1280    i.json_loads        jansson_CM3LE.lib(load.o)
    0x08004b04   0x00000008   Code   RO         1965    i.json_null         jansson_CM3LE.lib(value.o)
    0x08004b0c   0x00000026   Code   RO         1966    i.json_number_value  jansson_CM3LE.lib(value.o)
    0x08004b32   0x00000002   PAD
    0x08004b34   0x0000004c   Code   RO         1967    i.json_object       jansson_CM3LE.lib(value.o)
    0x08004b80   0x0000001c   Code   RO         1972    i.json_object_get   jansson_CM3LE.lib(value.o)
    0x08004b9c   0x00000018   Code   RO         1973    i.json_object_iter  jansson_CM3LE.lib(value.o)
    0x08004bb4   0x0000000c   Code   RO         1975    i.json_object_iter_key  jansson_CM3LE.lib(value.o)
    0x08004bc0   0x0000001c   Code   RO         1976    i.json_object_iter_next  jansson_CM3LE.lib(value.o)
    0x08004bdc   0x0000000c   Code   RO         1978    i.json_object_iter_value  jansson_CM3LE.lib(value.o)
    0x08004be8   0x00000008   Code   RO         1979    i.json_object_key_to_iter  jansson_CM3LE.lib(value.o)
    0x08004bf0   0x00000028   Code   RO         2338    i.json_object_seed  jansson_CM3LE.lib(hashtable_seed.o)
    0x08004c18   0x00000040   Code   RO         1981    i.json_object_set_new_nocheck  jansson_CM3LE.lib(value.o)
    0x08004c58   0x00000012   Code   RO         1983    i.json_object_size  jansson_CM3LE.lib(value.o)
    0x08004c6a   0x00000014   Code   RO         1439    i.json_pack_ex      jansson_CM3LE.lib(pack_unpack.o)
    0x08004c7e   0x00000034   Code   RO         1987    i.json_real         jansson_CM3LE.lib(value.o)
    0x08004cb2   0x00000018   Code   RO         1989    i.json_real_value   jansson_CM3LE.lib(value.o)
    0x08004cca   0x00000012   Code   RO         1992    i.json_string_length  jansson_CM3LE.lib(value.o)
    0x08004cdc   0x00000012   Code   RO         1998    i.json_string_value  jansson_CM3LE.lib(value.o)
    0x08004cee   0x0000000a   Code   RO         2000    i.json_stringn_nocheck  jansson_CM3LE.lib(value.o)
    0x08004cf8   0x00000008   Code   RO         2001    i.json_true         jansson_CM3LE.lib(value.o)
    0x08004d00   0x00000016   Code   RO         1441    i.json_unpack_ex    jansson_CM3LE.lib(pack_unpack.o)
    0x08004d16   0x00000002   PAD
    0x08004d18   0x000000c4   Code   RO         1442    i.json_vpack_ex     jansson_CM3LE.lib(pack_unpack.o)
    0x08004ddc   0x000000f0   Code   RO         1443    i.json_vunpack_ex   jansson_CM3LE.lib(pack_unpack.o)
    0x08004ecc   0x000000a0   Code   RO         1879    i.jsonp_dtostr      jansson_CM3LE.lib(strconv.o)
    0x08004f6c   0x00000022   Code   RO         1571    i.jsonp_error_init  jansson_CM3LE.lib(error.o)
    0x08004f8e   0x00000010   Code   RO         1572    i.jsonp_error_set   jansson_CM3LE.lib(error.o)
    0x08004f9e   0x00000002   PAD
    0x08004fa0   0x0000003c   Code   RO         1573    i.jsonp_error_set_source  jansson_CM3LE.lib(error.o)
    0x08004fdc   0x0000002c   Code   RO         1574    i.jsonp_error_vset  jansson_CM3LE.lib(error.o)
    0x08005008   0x00000010   Code   RO         1774    i.jsonp_free        jansson_CM3LE.lib(memory.o)
    0x08005018   0x00000010   Code   RO         1775    i.jsonp_malloc      jansson_CM3LE.lib(memory.o)
    0x08005028   0x00000012   Code   RO         1776    i.jsonp_strdup      jansson_CM3LE.lib(memory.o)
    0x0800503a   0x0000000a   Code   RO         2002    i.jsonp_stringn_nocheck_own  jansson_CM3LE.lib(value.o)
    0x08005044   0x00000024   Code   RO         1777    i.jsonp_strndup     jansson_CM3LE.lib(memory.o)
    0x08005068   0x00000064   Code   RO         1880    i.jsonp_strtod      jansson_CM3LE.lib(strconv.o)
    0x080050cc   0x0000001c   Code   RO         1281    i.lex_close         jansson_CM3LE.lib(load.o)
    0x080050e8   0x00000012   Code   RO         1282    i.lex_free_string   jansson_CM3LE.lib(load.o)
    0x080050fa   0x00000008   Code   RO         1283    i.lex_get           jansson_CM3LE.lib(load.o)
    0x08005102   0x0000001e   Code   RO         1284    i.lex_get_save      jansson_CM3LE.lib(load.o)
    0x08005120   0x00000030   Code   RO         1285    i.lex_init          jansson_CM3LE.lib(load.o)
    0x08005150   0x0000000c   Code   RO         1286    i.lex_save          jansson_CM3LE.lib(load.o)
    0x0800515c   0x00000138   Code   RO         1287    i.lex_scan          jansson_CM3LE.lib(load.o)
    0x08005294   0x0000018c   Code   RO         1288    i.lex_scan_number   jansson_CM3LE.lib(load.o)
    0x08005420   0x00000288   Code   RO         1289    i.lex_scan_string   jansson_CM3LE.lib(load.o)
    0x080056a8   0x00000026   Code   RO         1290    i.lex_unget_unsave  jansson_CM3LE.lib(load.o)
    0x080056ce   0x0000000e   Code   RO         1637    i.list_insert       jansson_CM3LE.lib(hashtable.o)
    0x080056dc   0x000009e4   Code   RO           10    i.main              main.o
    0x080060c0   0x00000080   Code   RO         1444    i.next_token        jansson_CM3LE.lib(pack_unpack.o)
    0x08006140   0x0000000c   Code   RO         1171    i.object_key_compare_keys  jansson_CM3LE.lib(dump.o)
    0x0800614c   0x0000001a   Code   RO         1172    i.object_key_compare_serials  jansson_CM3LE.lib(dump.o)
    0x08006166   0x00000002   PAD
    0x08006168   0x00000118   Code   RO         1445    i.pack              jansson_CM3LE.lib(pack_unpack.o)
    0x08006280   0x000000b0   Code   RO         1446    i.pack_array        jansson_CM3LE.lib(pack_unpack.o)
    0x08006330   0x00000130   Code   RO         1447    i.pack_object       jansson_CM3LE.lib(pack_unpack.o)
    0x08006460   0x00000094   Code   RO         1291    i.parse_array       jansson_CM3LE.lib(load.o)
    0x080064f4   0x00000094   Code   RO         1292    i.parse_json        jansson_CM3LE.lib(load.o)
    0x08006588   0x00000180   Code   RO         1293    i.parse_object      jansson_CM3LE.lib(load.o)
    0x08006708   0x00000140   Code   RO         1294    i.parse_value       jansson_CM3LE.lib(load.o)
    0x08006848   0x00000014   Code   RO         1448    i.prev_token        jansson_CM3LE.lib(pack_unpack.o)
    0x0800685c   0x00000032   Code   RO          858    i.putChar           circularbuffer.o
    0x0800688e   0x0000001c   Code   RO          859    i.putStr            circularbuffer.o
    0x080068aa   0x00000002   PAD
    0x080068ac   0x0000015c   Code   RO         1449    i.read_string       jansson_CM3LE.lib(pack_unpack.o)
    0x08006a08   0x0000002c   Code   RO         1450    i.scanner_init      jansson_CM3LE.lib(pack_unpack.o)
    0x08006a34   0x00000006   Code   RO         1150    i.seed_from_timestamp_and_pid  jansson_config.o
    0x08006a3a   0x0000002c   Code   RO         1451    i.set_error         jansson_CM3LE.lib(pack_unpack.o)
    0x08006a66   0x0000000c   Code   RO         1820    i.strbuffer_append_byte  jansson_CM3LE.lib(strbuffer.o)
    0x08006a72   0x00000002   PAD
    0x08006a74   0x00000070   Code   RO         1821    i.strbuffer_append_bytes  jansson_CM3LE.lib(strbuffer.o)
    0x08006ae4   0x0000000a   Code   RO         1822    i.strbuffer_clear   jansson_CM3LE.lib(strbuffer.o)
    0x08006aee   0x00000018   Code   RO         1823    i.strbuffer_close   jansson_CM3LE.lib(strbuffer.o)
    0x08006b06   0x00000022   Code   RO         1824    i.strbuffer_init    jansson_CM3LE.lib(strbuffer.o)
    0x08006b28   0x00000018   Code   RO         1825    i.strbuffer_pop     jansson_CM3LE.lib(strbuffer.o)
    0x08006b40   0x0000000a   Code   RO         1826    i.strbuffer_steal_value  jansson_CM3LE.lib(strbuffer.o)
    0x08006b4a   0x00000004   Code   RO         1827    i.strbuffer_value   jansson_CM3LE.lib(strbuffer.o)
    0x08006b4e   0x00000002   PAD
    0x08006b50   0x000000e4   Code   RO         1295    i.stream_get        jansson_CM3LE.lib(load.o)
    0x08006c34   0x0000004a   Code   RO         1296    i.stream_unget      jansson_CM3LE.lib(load.o)
    0x08006c7e   0x0000003e   Code   RO         2003    i.string_create     jansson_CM3LE.lib(value.o)
    0x08006cbc   0x00000018   Code   RO         1297    i.string_get        jansson_CM3LE.lib(load.o)
    0x08006cd4   0x00000004   PAD
    0x08006cd8   0x00000030   Code   RO         2599    i.strtod            m_wm.l(strtod.o)
    0x08006d08   0x00000334   Code   RO         1452    i.unpack            jansson_CM3LE.lib(pack_unpack.o)
    0x0800703c   0x000001dc   Code   RO         1453    i.unpack_array      jansson_CM3LE.lib(pack_unpack.o)
    0x08007218   0x000002a8   Code   RO         1454    i.unpack_object     jansson_CM3LE.lib(pack_unpack.o)
    0x080074c0   0x0000003c   Code   RO         1907    i.utf8_check_first  jansson_CM3LE.lib(utf.o)
    0x080074fc   0x00000088   Code   RO         1908    i.utf8_check_full   jansson_CM3LE.lib(utf.o)
    0x08007584   0x0000003e   Code   RO         1909    i.utf8_check_string  jansson_CM3LE.lib(utf.o)
    0x080075c2   0x00000002   PAD
    0x080075c4   0x0000007c   Code   RO         1910    i.utf8_encode       jansson_CM3LE.lib(utf.o)
    0x08007640   0x00000040   Code   RO         1911    i.utf8_iterate      jansson_CM3LE.lib(utf.o)
    0x08007680   0x0000002c   Code   RO         2871    locale$$code        c_w.l(lc_numeric_c.o)
    0x080076ac   0x0000002c   Code   RO         2933    locale$$code        c_w.l(lc_ctype_c.o)
    0x080076d8   0x00000062   Code   RO         3017    x$fpl$d2f           fz_wm.l(d2f.o)
    0x0800773a   0x00000002   PAD
    0x0800773c   0x00000010   Code   RO         3079    x$fpl$dcheck1       fz_wm.l(dcheck1.o)
    0x0800774c   0x00000018   Code   RO         2767    x$fpl$dcmpinf       fz_wm.l(dcmpi.o)
    0x08007764   0x00000078   Code   RO         2589    x$fpl$deqf          fz_wm.l(deqf.o)
    0x080077dc   0x000000a2   Code   RO         2591    x$fpl$dfltll        fz_wm.l(dfltll_clz.o)
    0x0800787e   0x00000002   PAD
    0x08007880   0x00000078   Code   RO         3032    x$fpl$dleqf         fz_wm.l(dleqf.o)
    0x080078f8   0x00000154   Code   RO         3034    x$fpl$dmul          fz_wm.l(dmul.o)
    0x08007a4c   0x0000009c   Code   RO         2769    x$fpl$dnaninf       fz_wm.l(dnaninf.o)
    0x08007ae8   0x0000000c   Code   RO         3054    x$fpl$dretinf       fz_wm.l(dretinf.o)
    0x08007af4   0x0000006c   Code   RO         3019    x$fpl$drleqf        fz_wm.l(drleqf.o)
    0x08007b60   0x0000000a   Code   RO         2908    x$fpl$fpinit        fz_wm.l(fpinit.o)
    0x08007b6a   0x0000000a   Code   RO         3036    x$fpl$fretinf       fz_wm.l(fretinf.o)
    0x08007b74   0x00000004   Code   RO         2595    x$fpl$printf1       fz_wm.l(printf1.o)
    0x08007b78   0x00000064   Code   RO         3085    x$fpl$retnan        fz_wm.l(retnan.o)
    0x08007bdc   0x0000005c   Code   RO         3056    x$fpl$scalbn        fz_wm.l(scalbn.o)
    0x08007c38   0x00000004   Code   RO         2912    x$fpl$scanf1        fz_wm.l(scanf1.o)
    0x08007c3c   0x00000008   Code   RO         2980    x$fpl$scanf2        fz_wm.l(scanf2.o)
    0x08007c44   0x00000030   Code   RO         3087    x$fpl$trapveneer    fz_wm.l(trapv.o)
    0x08007c74   0x00000000   Code   RO         2771    x$fpl$usenofp       fz_wm.l(usenofp.o)
    0x08007c74   0x0000000c   Code   RO         2569    x$udivmod           c_w.l(aeabi_sdiv.o)
    0x08007c80   0x00000010   Data   RO          198    .constdata          led.o
    0x08007c90   0x00000021   Data   RO         1173    .constdata          jansson_CM3LE.lib(dump.o)
    0x08007cb1   0x00000003   PAD
    0x08007cb4   0x0000002c   Data   RO         1455    .constdata          jansson_CM3LE.lib(pack_unpack.o)
    0x08007ce0   0x00000028   Data   RO         2462    .constdata          c_w.l(_printf_hex_int_ll_ptr.o)
    0x08007d08   0x00000011   Data   RO         2482    .constdata          c_w.l(__printf_flags_ss_wp.o)
    0x08007d19   0x00000003   PAD
    0x08007d1c   0x00000008   Data   RO         2666    .constdata          c_w.l(_printf_wctomb.o)
    0x08007d24   0x00000094   Data   RO         2824    .constdata          c_w.l(bigflt0.o)
    0x08007db8   0x0000003e   Data   RO         1456    .conststring        jansson_CM3LE.lib(pack_unpack.o)
    0x08007df6   0x00000002   PAD
    0x08007df8   0x00000020   Data   RO         3089    Region$$Table       anon$$obj.o
    0x08007e18   0x00000008   Data   RO         2977    c$$dinf             fz_wm.l(fpconst.o)
    0x08007e20   0x0000001c   Data   RO         2870    locale$$data        c_w.l(lc_numeric_c.o)
    0x08007e3c   0x00000110   Data   RO         2932    locale$$data        c_w.l(lc_ctype_c.o)


    Execution Region ER_RW (Base: 0x20000000, Size: 0x000000a8, Max: 0xffffffff, ABSOLUTE)

    Base Addr    Size         Type   Attr      Idx    E Section Name        Object

    0x20000000   0x0000005e   Data   RW           12    .data               main.o
    0x2000005e   0x00000002   PAD
    0x20000060   0x00000014   Data   RW          152    .data               system_stm32f4xx.o
    0x20000074   0x00000010   Data   RW          377    .data               stm32f4xx_rcc.o
    0x20000084   0x00000008   Data   RW         1778    .data               jansson_CM3LE.lib(memory.o)
    0x2000008c   0x00000018   Data   RW         2004    .data               jansson_CM3LE.lib(value.o)
    0x200000a4   0x00000004   Data   RW         2339    .data               jansson_CM3LE.lib(hashtable_seed.o)


    Execution Region ER_ZI (Base: 0x200000a8, Size: 0x00004380, Max: 0xffffffff, ABSOLUTE)

    Base Addr    Size         Type   Attr      Idx    E Section Name        Object

    0x200000a8   0x00001f19   Zero   RW           11    .bss                main.o
    0x20001fc1   0x00000003   PAD
    0x20001fc4   0x00000060   Zero   RW         2611    .bss                c_w.l(libspace.o)
    0x20002024   0x00000004   PAD
    0x20002028   0x00002000   Zero   RW         1144    HEAP                startup_stm32f40_41xxx.o
    0x20004028   0x00000400   Zero   RW         1143    STACK               startup_stm32f40_41xxx.o



  Load Region LR$$.ARM.__AT_0x1FFFC000 (Base: 0x1fffc000, Size: 0x00000004, Max: 0x00000004, ABSOLUTE)

    Execution Region ER$$.ARM.__AT_0x1FFFC000 (Base: 0x1fffc000, Size: 0x00000004, Max: 0x00000004, ABSOLUTE, UNINIT)

    Base Addr    Size         Type   Attr      Idx    E Section Name        Object

    0x1fffc000   0x00000004   Code   RO         1140    .ARM.__AT_0x1FFFC000  stm32f40xxx_41xxx_opt.o


==============================================================================

Image component sizes


      Code (inc. data)   RO Data    RW Data    ZI Data      Debug   Object Name

       228          0          0          0          0       3577   circularbuffer.o
         6          0          0          0          0        854   jansson_config.o
       148         24         16          0          0       1849   led.o
      3832        882          0         94       7961     313243   main.o
       120         14          0          0          0       1024   misc.o
        64         26        392          0       9216        812   startup_stm32f40_41xxx.o
         4          4          0          0          0        184   stm32f40xxx_41xxx_opt.o
       184         16          0          0          0       2120   stm32f4xx_exti.o
       214          0          0          0          0       1787   stm32f4xx_gpio.o
       296         30          0         16          0       4066   stm32f4xx_rcc.o
        64          4          0          0          0        652   stm32f4xx_syscfg.o
       394          8          0          0          0       3718   stm32f4xx_usart.o
       532         54          0         20          0       2405   system_stm32f4xx.o
       208         10          0          0          0        717   usart.o

    ----------------------------------------------------------------------
      6300       1072        440        132      17180     337008   Object Totals
         0          0         32          0          0          0   (incl. Generated)
         6          0          0          2          3          0   (incl. Padding)

    ----------------------------------------------------------------------

      Code (inc. data)   RO Data    RW Data    ZI Data      Debug   Library Member Name

        56          6          0          0          0         88   __2snprintf.o
        44          6          0          0          0         84   __2sprintf.o
         8          0          0          0          0         68   __main.o
       392          4         17          0          0         92   __printf_flags_ss_wp.o
        14          0          0          0          0         68   __printf_wp.o
         0          0          0          0          0          0   __rtentry.o
        12          0          0          0          0          0   __rtentry2.o
         6          0          0          0          0          0   __rtentry4.o
        52          8          0          0          0          0   __scatter.o
        26          0          0          0          0          0   __scatter_copy.o
        28          0          0          0          0          0   __scatter_zi.o
       144          0          0          0          0         88   __strtoll.o
        28          0          0          0          0         68   _chval.o
         6          0          0          0          0          0   _printf_a.o
         6          0          0          0          0          0   _printf_c.o
        44          0          0          0          0        108   _printf_char.o
        48          6          0          0          0         96   _printf_char_common.o
        40          0          0          0          0         68   _printf_charcount.o
         6          0          0          0          0          0   _printf_d.o
       120         16          0          0          0         92   _printf_dec.o
         6          0          0          0          0          0   _printf_e.o
         6          0          0          0          0          0   _printf_f.o
      1050          0          0          0          0        216   _printf_fp_dec.o
       128         16          0          0          0         84   _printf_fp_infnan.o
         6          0          0          0          0          0   _printf_g.o
       148          4         40          0          0        160   _printf_hex_int_ll_ptr.o
         6          0          0          0          0          0   _printf_i.o
       178          0          0          0          0         88   _printf_intcommon.o
        10          0          0          0          0          0   _printf_l.o
         6          0          0          0          0          0   _printf_lc.o
        10          0          0          0          0          0   _printf_ll.o
         6          0          0          0          0          0   _printf_lld.o
         6          0          0          0          0          0   _printf_lli.o
         6          0          0          0          0          0   _printf_llo.o
         6          0          0          0          0          0   _printf_llu.o
         6          0          0          0          0          0   _printf_llx.o
       124         16          0          0          0         92   _printf_longlong_dec.o
         6          0          0          0          0          0   _printf_ls.o
         6          0          0          0          0          0   _printf_n.o
         6          0          0          0          0          0   _printf_o.o
       112          8          0          0          0        124   _printf_oct_int_ll.o
         6          0          0          0          0          0   _printf_p.o
        78          0          0          0          0        108   _printf_pad.o
         0          0          0          0          0          0   _printf_percent.o
         4          0          0          0          0          0   _printf_percent_end.o
         6          0          0          0          0          0   _printf_s.o
        82          0          0          0          0         80   _printf_str.o
        36          0          0          0          0         84   _printf_truncate.o
         6          0          0          0          0          0   _printf_u.o
        44          0          0          0          0        108   _printf_wchar.o
       188          6          8          0          0         92   _printf_wctomb.o
         6          0          0          0          0          0   _printf_x.o
        22          0          0          0          0        100   _rserrno.o
        64          0          0          0          0         84   _sgetc.o
        16          0          0          0          0         68   _snputc.o
        10          0          0          0          0         68   _sputc.o
       194          0          0          0          0         96   _strtoull.o
        64          0          0          0          0         92   _wcrtomb.o
        22          0          0          0          0         80   abort.o
        12          0          0          0          0         68   aeabi_sdiv.o
       220          4        148          0          0         96   bigflt0.o
      2074        132          0          0          0        940   btod.o
        52          4          0          0          0         80   c89vsnprintf.o
        48         34          0          0          0         76   defsig_abrt_inner.o
        14          0          0          0          0         80   defsig_abrt_outer.o
        10          0          0          0          0         68   defsig_exit.o
        50          0          0          0          0         88   defsig_general.o
        80         58          0          0          0         76   defsig_rtmem_inner.o
        14          0          0          0          0         80   defsig_rtmem_outer.o
        18          0          0          0          0         80   exit.o
        94          0          0          0          0         80   h1_alloc.o
        52          0          0          0          0         68   h1_extend.o
        78          0          0          0          0         80   h1_free.o
        14          0          0          0          0         84   h1_init.o
         6          0          0          0          0        152   heapauxi.o
         4          0          0          0          0        136   hguard.o
         0          0          0          0          0          0   indicate_semi.o
       138          0          0          0          0        168   init_alloc.o
        18          0          0          0          0         76   isspace.o
        44         10        272          0          0         76   lc_ctype_c.o
        44         10         28          0          0         76   lc_numeric_c.o
         2          0          0          0          0          0   libinit.o
        42          0          0          0          0          0   libinit2.o
         2          0          0          0          0          0   libshutdown.o
         2          0          0          0          0          0   libshutdown2.o
         8          4          0          0         96         68   libspace.o
        38          0          0          0          0         68   llshl.o
       138          0          0          0          0         80   lludiv10.o
         0          0          0          0          0          0   maybetermalloc1.o
        20          0          0          0          0         68   memchr.o
       612          0          0          0          0        136   qsortnoex.o
        16          4          0          0          0         76   rt_ctype_table.o
         8          4          0          0          0         68   rt_errno_addr_intlibspace.o
         8          4          0          0          0         68   rt_heap_descriptor_intlibspace.o
         8          4          0          0          0         68   rt_locale_intlibspace.o
       138          0          0          0          0         68   rt_memcpy_v6.o
       100          0          0          0          0         80   rt_memcpy_w.o
       132          0          0          0          0         68   rt_memmove_v6.o
       122          0          0          0          0         80   rt_memmove_w.o
         2          0          0          0          0          0   rtexit.o
        10          0          0          0          0          0   rtexit2.o
      1188         12          0          0          0        148   scanf_fp.o
       800         14          0          0          0        100   scanf_hexfp.o
       308         16          0          0          0        100   scanf_infnan.o
        20          0          0          0          0         68   strchr.o
       128          0          0          0          0         68   strcmpv7m.o
        72          0          0          0          0         80   strcpy.o
        62          0          0          0          0         76   strlen.o
       164         14          0          0          0        120   strtod.o
         4          0          0          0          0         68   strtoll.o
        12          4          0          0          0         68   sys_exit.o
        74          0          0          0          0         80   sys_stackheap_outer.o
        14          0          0          0          0         76   sys_wrch.o
         2          0          0          0          0         68   use_no_semi.o
        98          4          0          0          0        140   d2f.o
        16          4          0          0          0        116   dcheck1.o
        24          0          0          0          0        116   dcmpi.o
       120          4          0          0          0        140   deqf.o
       162          0          0          0          0        132   dfltll_clz.o
       120          4          0          0          0        140   dleqf.o
       340         12          0          0          0        152   dmul.o
       156          4          0          0          0        140   dnaninf.o
        12          0          0          0          0        116   dretinf.o
       108          0          0          0          0        128   drleqf.o
         0          0          8          0          0          0   fpconst.o
        10          0          0          0          0        116   fpinit.o
        10          0          0          0          0        116   fretinf.o
         4          0          0          0          0        116   printf1.o
       100          0          0          0          0        116   retnan.o
        92          0          0          0          0        116   scalbn.o
         4          0          0          0          0        116   scanf1.o
         8          0          0          0          0        132   scanf2.o
        48          0          0          0          0        116   trapv.o
         0          0          0          0          0          0   usenofp.o
      1534        162         33          0          0      17721   dump.o
       154          4          0          0          0       6085   error.o
      1000         32          0          0          0      17697   hashtable.o
        40          6          0          4          0       1280   hashtable_seed.o
      3288        680          0          0          0      19565   load.o
        86          8          0          8          0       6121   memory.o
      3838       1304        106          0          0      18178   pack_unpack.o
       230          4          0          0          0       4952   strbuffer.o
       260         20          0          0          0       1934   strconv.o
       446         14          0          0          0       3830   utf.o
      1004         32          0         24          0      26338   value.o
        64         16          0          0          0        248   dunder.o
        48          0          0          0          0        124   fpclassify.o
       140         22          0          0          0        132   frexp.o
       228          8          0          0          0        308   ldexp.o
       184         18          0          0          0        152   narrow.o
        48         14          0          0          0        128   strtod.o

    ----------------------------------------------------------------------
     25184       2814        668         36        100     134645   Library Totals
        54         10          8          0          4          0   (incl. Padding)

    ----------------------------------------------------------------------

      Code (inc. data)   RO Data    RW Data    ZI Data      Debug   Library Name

     11106        428        513          0         96       7588   c_w.l
      1432         32          8          0          0       2264   fz_wm.l
     11880       2266        139         36          0     123701   jansson_CM3LE.lib
       712         78          0          0          0       1092   m_wm.l

    ----------------------------------------------------------------------
     25184       2814        668         36        100     134645   Library Totals

    ----------------------------------------------------------------------

==============================================================================


      Code (inc. data)   RO Data    RW Data    ZI Data      Debug   

     31484       3886       1108        168      17280     456625   Grand Totals
     31484       3886       1108        168      17280     456625   ELF Image Totals
     31484       3886       1108        168          0          0   ROM Totals

==============================================================================

    Total RO  Size (Code + RO Data)                32592 (  31.83kB)
    Total RW  Size (RW Data + ZI Data)             17448 (  17.04kB)
    Total ROM Size (Code + RO Data + RW Data)      32760 (  31.99kB)

==============================================================================

